Archive member included to satisfy reference by file (symbol)

F:/STM32CubeIDE_1.18.0/STM32CubeIDE/plugins/com.st.stm32cube.ide.mcu.externaltools.gnu-tools-for-stm32.13.3.rel1.win32_1.0.0.202411081344/tools/bin/../lib/gcc/arm-none-eabi/13.3.1/../../../../arm-none-eabi/lib/thumb/v7-m/nofp\libc_nano.a(libc_a-exit.o)
                              F:/STM32CubeIDE_1.18.0/STM32CubeIDE/plugins/com.st.stm32cube.ide.mcu.externaltools.gnu-tools-for-stm32.13.3.rel1.win32_1.0.0.202411081344/tools/bin/../lib/gcc/arm-none-eabi/13.3.1/../../../../arm-none-eabi/lib/thumb/v7-m/nofp/crt0.o (exit)
F:/STM32CubeIDE_1.18.0/STM32CubeIDE/plugins/com.st.stm32cube.ide.mcu.externaltools.gnu-tools-for-stm32.13.3.rel1.win32_1.0.0.202411081344/tools/bin/../lib/gcc/arm-none-eabi/13.3.1/../../../../arm-none-eabi/lib/thumb/v7-m/nofp\libc_nano.a(libc_a-findfp.o)
                              F:/STM32CubeIDE_1.18.0/STM32CubeIDE/plugins/com.st.stm32cube.ide.mcu.externaltools.gnu-tools-for-stm32.13.3.rel1.win32_1.0.0.202411081344/tools/bin/../lib/gcc/arm-none-eabi/13.3.1/../../../../arm-none-eabi/lib/thumb/v7-m/nofp\libc_nano.a(libc_a-exit.o) (__stdio_exit_handler)
F:/STM32CubeIDE_1.18.0/STM32CubeIDE/plugins/com.st.stm32cube.ide.mcu.externaltools.gnu-tools-for-stm32.13.3.rel1.win32_1.0.0.202411081344/tools/bin/../lib/gcc/arm-none-eabi/13.3.1/../../../../arm-none-eabi/lib/thumb/v7-m/nofp\libc_nano.a(libc_a-fwalk.o)
                              F:/STM32CubeIDE_1.18.0/STM32CubeIDE/plugins/com.st.stm32cube.ide.mcu.externaltools.gnu-tools-for-stm32.13.3.rel1.win32_1.0.0.202411081344/tools/bin/../lib/gcc/arm-none-eabi/13.3.1/../../../../arm-none-eabi/lib/thumb/v7-m/nofp\libc_nano.a(libc_a-findfp.o) (_fwalk_sglue)
F:/STM32CubeIDE_1.18.0/STM32CubeIDE/plugins/com.st.stm32cube.ide.mcu.externaltools.gnu-tools-for-stm32.13.3.rel1.win32_1.0.0.202411081344/tools/bin/../lib/gcc/arm-none-eabi/13.3.1/../../../../arm-none-eabi/lib/thumb/v7-m/nofp\libc_nano.a(libc_a-stdio.o)
                              F:/STM32CubeIDE_1.18.0/STM32CubeIDE/plugins/com.st.stm32cube.ide.mcu.externaltools.gnu-tools-for-stm32.13.3.rel1.win32_1.0.0.202411081344/tools/bin/../lib/gcc/arm-none-eabi/13.3.1/../../../../arm-none-eabi/lib/thumb/v7-m/nofp\libc_nano.a(libc_a-findfp.o) (__sread)
F:/STM32CubeIDE_1.18.0/STM32CubeIDE/plugins/com.st.stm32cube.ide.mcu.externaltools.gnu-tools-for-stm32.13.3.rel1.win32_1.0.0.202411081344/tools/bin/../lib/gcc/arm-none-eabi/13.3.1/../../../../arm-none-eabi/lib/thumb/v7-m/nofp\libc_nano.a(libc_a-memset.o)
                              F:/STM32CubeIDE_1.18.0/STM32CubeIDE/plugins/com.st.stm32cube.ide.mcu.externaltools.gnu-tools-for-stm32.13.3.rel1.win32_1.0.0.202411081344/tools/bin/../lib/gcc/arm-none-eabi/13.3.1/../../../../arm-none-eabi/lib/thumb/v7-m/nofp/crt0.o (memset)
F:/STM32CubeIDE_1.18.0/STM32CubeIDE/plugins/com.st.stm32cube.ide.mcu.externaltools.gnu-tools-for-stm32.13.3.rel1.win32_1.0.0.202411081344/tools/bin/../lib/gcc/arm-none-eabi/13.3.1/../../../../arm-none-eabi/lib/thumb/v7-m/nofp\libc_nano.a(libc_a-closer.o)
                              F:/STM32CubeIDE_1.18.0/STM32CubeIDE/plugins/com.st.stm32cube.ide.mcu.externaltools.gnu-tools-for-stm32.13.3.rel1.win32_1.0.0.202411081344/tools/bin/../lib/gcc/arm-none-eabi/13.3.1/../../../../arm-none-eabi/lib/thumb/v7-m/nofp\libc_nano.a(libc_a-stdio.o) (_close_r)
F:/STM32CubeIDE_1.18.0/STM32CubeIDE/plugins/com.st.stm32cube.ide.mcu.externaltools.gnu-tools-for-stm32.13.3.rel1.win32_1.0.0.202411081344/tools/bin/../lib/gcc/arm-none-eabi/13.3.1/../../../../arm-none-eabi/lib/thumb/v7-m/nofp\libc_nano.a(libc_a-reent.o)
                              F:/STM32CubeIDE_1.18.0/STM32CubeIDE/plugins/com.st.stm32cube.ide.mcu.externaltools.gnu-tools-for-stm32.13.3.rel1.win32_1.0.0.202411081344/tools/bin/../lib/gcc/arm-none-eabi/13.3.1/../../../../arm-none-eabi/lib/thumb/v7-m/nofp\libc_nano.a(libc_a-closer.o) (errno)
F:/STM32CubeIDE_1.18.0/STM32CubeIDE/plugins/com.st.stm32cube.ide.mcu.externaltools.gnu-tools-for-stm32.13.3.rel1.win32_1.0.0.202411081344/tools/bin/../lib/gcc/arm-none-eabi/13.3.1/../../../../arm-none-eabi/lib/thumb/v7-m/nofp\libc_nano.a(libc_a-impure.o)
                              F:/STM32CubeIDE_1.18.0/STM32CubeIDE/plugins/com.st.stm32cube.ide.mcu.externaltools.gnu-tools-for-stm32.13.3.rel1.win32_1.0.0.202411081344/tools/bin/../lib/gcc/arm-none-eabi/13.3.1/../../../../arm-none-eabi/lib/thumb/v7-m/nofp\libc_nano.a(libc_a-reent.o) (_impure_ptr)
F:/STM32CubeIDE_1.18.0/STM32CubeIDE/plugins/com.st.stm32cube.ide.mcu.externaltools.gnu-tools-for-stm32.13.3.rel1.win32_1.0.0.202411081344/tools/bin/../lib/gcc/arm-none-eabi/13.3.1/../../../../arm-none-eabi/lib/thumb/v7-m/nofp\libc_nano.a(libc_a-lseekr.o)
                              F:/STM32CubeIDE_1.18.0/STM32CubeIDE/plugins/com.st.stm32cube.ide.mcu.externaltools.gnu-tools-for-stm32.13.3.rel1.win32_1.0.0.202411081344/tools/bin/../lib/gcc/arm-none-eabi/13.3.1/../../../../arm-none-eabi/lib/thumb/v7-m/nofp\libc_nano.a(libc_a-stdio.o) (_lseek_r)
[...]
Memory Configuration

Name             Origin             Length             Attributes
RAM              0x20000000         0x00005000         xrw
FLASH            0x08000000         0x00010000         xr
*default*        0x00000000         0xffffffff

Linker script and memory map

LOAD F:/STM32CubeIDE_1.18.0/STM32CubeIDE/plugins/com.st.stm32cube.ide.mcu.externaltools.gnu-tools-for-stm32.13.3.rel1.win32_1.0.0.202411081344/tools/bin/../lib/gcc/arm-none-eabi/13.3.1/thumb/v7-m/nofp/crti.o
LOAD F:/STM32CubeIDE_1.18.0/STM32CubeIDE/plugins/com.st.stm32cube.ide.mcu.externaltools.gnu-tools-for-stm32.13.3.rel1.win32_1.0.0.202411081344/tools/bin/../lib/gcc/arm-none-eabi/13.3.1/thumb/v7-m/nofp/crtbegin.o
LOAD F:/STM32CubeIDE_1.18.0/STM32CubeIDE/plugins/com.st.stm32cube.ide.mcu.externaltools.gnu-tools-for-stm32.13.3.rel1.win32_1.0.0.202411081344/tools/bin/../lib/gcc/arm-none-eabi/13.3.1/../../../../arm-none-eabi/lib/thumb/v7-m/nofp/crt0.o
START GROUP
LOAD F:/STM32CubeIDE_1.18.0/STM32CubeIDE/plugins/com.st.stm32cube.ide.mcu.externaltools.gnu-tools-for-stm32.13.3.rel1.win32_1.0.0.202411081344/tools/bin/../lib/gcc/arm-none-eabi/13.3.1/../../../../arm-none-eabi/lib/thumb/v7-m/nofp\libc_nano.a
LOAD F:/STM32CubeIDE_1.18.0/STM32CubeIDE/plugins/com.st.stm32cube.ide.mcu.externaltools.gnu-tools-for-stm32.13.3.rel1.win32_1.0.0.202411081344/tools/bin/../lib/gcc/arm-none-eabi/13.3.1/../../../../arm-none-eabi/lib/thumb/v7-m/nofp\libm.a
END GROUP
LOAD CMakeFiles/Agricultural_System.dir/Core/Src/freertos.c.obj
LOAD CMakeFiles/Agricultural_System.dir/Core/Src/gpio.c.obj
LOAD CMakeFiles/Agricultural_System.dir/Core/Src/i2c.c.obj
LOAD CMakeFiles/Agricultural_System.dir/Core/Src/led.c.obj
LOAD CMakeFiles/Agricultural_System.dir/Core/Src/main.c.obj
LOAD CMakeFiles/Agricultural_System.dir/Core/Src/stm32f1xx_hal_msp.c.obj
LOAD CMakeFiles/Agricultural_System.dir/Core/Src/stm32f1xx_hal_timebase_tim.c.obj
LOAD CMakeFiles/Agricultural_System.dir/Core/Src/stm32f1xx_it.c.obj
LOAD CMakeFiles/Agricultural_System.dir/Core/Src/syscalls.c.obj
LOAD CMakeFiles/Agricultural_System.dir/Core/Src/sysmem.c.obj
LOAD CMakeFiles/Agricultural_System.dir/Core/Src/system_stm32f1xx.c.obj
LOAD CMakeFiles/Agricultural_System.dir/Drivers/STM32F1xx_HAL_Driver/Src/stm32f1xx_hal_gpio_ex.c.obj
LOAD CMakeFiles/Agricultural_System.dir/Drivers/STM32F1xx_HAL_Driver/Src/stm32f1xx_hal_tim.c.obj
LOAD CMakeFiles/Agricultural_System.dir/Drivers/STM32F1xx_HAL_Driver/Src/stm32f1xx_hal_tim_ex.c.obj
LOAD CMakeFiles/Agricultural_System.dir/Drivers/STM32F1xx_HAL_Driver/Src/stm32f1xx_hal.c.obj
LOAD CMakeFiles/Agricultural_System.dir/Drivers/STM32F1xx_HAL_Driver/Src/stm32f1xx_hal_rcc.c.obj
LOAD CMakeFiles/Agricultural_System.dir/Drivers/STM32F1xx_HAL_Driver/Src/stm32f1xx_hal_rcc_ex.c.obj
LOAD CMakeFiles/Agricultural_System.dir/Drivers/STM32F1xx_HAL_Driver/Src/stm32f1xx_hal_gpio.c.obj
LOAD CMakeFiles/Agricultural_System.dir/Drivers/STM32F1xx_HAL_Driver/Src/stm32f1xx_hal_dma.c.obj
LOAD CMakeFiles/Agricultural_System.dir/Drivers/STM32F1xx_HAL_Driver/Src/stm32f1xx_hal_cortex.c.obj
LOAD CMakeFiles/Agricultural_System.dir/Drivers/STM32F1xx_HAL_Driver/Src/stm32f1xx_hal_pwr.c.obj
LOAD CMakeFiles/Agricultural_System.dir/Drivers/STM32F1xx_HAL_Driver/Src/stm32f1xx_hal_flash.c.obj
LOAD CMakeFiles/Agricultural_System.dir/Drivers/STM32F1xx_HAL_Driver/Src/stm32f1xx_hal_flash_ex.c.obj
LOAD CMakeFiles/Agricultural_System.dir/Drivers/STM32F1xx_HAL_Driver/Src/stm32f1xx_hal_exti.c.obj
LOAD CMakeFiles/Agricultural_System.dir/Drivers/STM32F1xx_HAL_Driver/Src/stm32f1xx_hal_i2c.c.obj
LOAD CMakeFiles/Agricultural_System.dir/Middlewares/Third_Party/FreeRTOS/Source/croutine.c.obj
LOAD CMakeFiles/Agricultural_System.dir/Middlewares/Third_Party/FreeRTOS/Source/event_groups.c.obj
LOAD CMakeFiles/Agricultural_System.dir/Middlewares/Third_Party/FreeRTOS/Source/list.c.obj
LOAD CMakeFiles/Agricultural_System.dir/Middlewares/Third_Party/FreeRTOS/Source/queue.c.obj
LOAD CMakeFiles/Agricultural_System.dir/Middlewares/Third_Party/FreeRTOS/Source/stream_buffer.c.obj
LOAD CMakeFiles/Agricultural_System.dir/Middlewares/Third_Party/FreeRTOS/Source/tasks.c.obj
LOAD CMakeFiles/Agricultural_System.dir/Middlewares/Third_Party/FreeRTOS/Source/timers.c.obj
LOAD CMakeFiles/Agricultural_System.dir/Middlewares/Third_Party/FreeRTOS/Source/CMSIS_RTOS_V2/cmsis_os2.c.obj
LOAD CMakeFiles/Agricultural_System.dir/Middlewares/Third_Party/FreeRTOS/Source/portable/MemMang/heap_4.c.obj
LOAD CMakeFiles/Agricultural_System.dir/Middlewares/Third_Party/FreeRTOS/Source/portable/GCC/ARM_CM3/port.c.obj
LOAD CMakeFiles/Agricultural_System.dir/startup_stm32f103xb.s.obj
START GROUP
LOAD F:/STM32CubeIDE_1.18.0/STM32CubeIDE/plugins/com.st.stm32cube.ide.mcu.externaltools.gnu-tools-for-stm32.13.3.rel1.win32_1.0.0.202411081344/tools/bin/../lib/gcc/arm-none-eabi/13.3.1/thumb/v7-m/nofp\libgcc.a
LOAD F:/STM32CubeIDE_1.18.0/STM32CubeIDE/plugins/com.st.stm32cube.ide.mcu.externaltools.gnu-tools-for-stm32.13.3.rel1.win32_1.0.0.202411081344/tools/bin/../lib/gcc/arm-none-eabi/13.3.1/../../../../arm-none-eabi/lib/thumb/v7-m/nofp\libg_nano.a
LOAD F:/STM32CubeIDE_1.18.0/STM32CubeIDE/plugins/com.st.stm32cube.ide.mcu.externaltools.gnu-tools-for-stm32.13.3.rel1.win32_1.0.0.202411081344/tools/bin/../lib/gcc/arm-none-eabi/13.3.1/../../../../arm-none-eabi/lib/thumb/v7-m/nofp\libc_nano.a
END GROUP
START GROUP
LOAD F:/STM32CubeIDE_1.18.0/STM32CubeIDE/plugins/com.st.stm32cube.ide.mcu.externaltools.gnu-tools-for-stm32.13.3.rel1.win32_1.0.0.202411081344/tools/bin/../lib/gcc/arm-none-eabi/13.3.1/thumb/v7-m/nofp\libgcc.a
LOAD F:/STM32CubeIDE_1.18.0/STM32CubeIDE/plugins/com.st.stm32cube.ide.mcu.externaltools.gnu-tools-for-stm32.13.3.rel1.win32_1.0.0.202411081344/tools/bin/../lib/gcc/arm-none-eabi/13.3.1/../../../../arm-none-eabi/lib/thumb/v7-m/nofp\libc_nano.a
END GROUP
LOAD F:/STM32CubeIDE_1.18.0/STM32CubeIDE/plugins/com.st.stm32cube.ide.mcu.externaltools.gnu-tools-for-stm32.13.3.rel1.win32_1.0.0.202411081344/tools/bin/../lib/gcc/arm-none-eabi/13.3.1/thumb/v7-m/nofp/crtend.o
LOAD F:/STM32CubeIDE_1.18.0/STM32CubeIDE/plugins/com.st.stm32cube.ide.mcu.externaltools.gnu-tools-for-stm32.13.3.rel1.win32_1.0.0.202411081344/tools/bin/../lib/gcc/arm-none-eabi/13.3.1/thumb/v7-m/nofp/crtn.o
                0x20005000                        _estack = (ORIGIN (RAM) + LENGTH (RAM))
                0x00000200                        _Min_Heap_Size = 0x200
                0x00000400                        _Min_Stack_Size = 0x400

.isr_vector     0x08000000      0x10c
                0x08000000                        . = ALIGN (0x4)
 *(.isr_vector)
 .isr_vector    0x08000000      0x10c CMakeFiles/Agricultural_System.dir/startup_stm32f103xb.s.obj
                0x08000000                g_pfnVectors
                0x0800010c                        . = ALIGN (0x4)

.text           0x08000110     0x44f0
                0x08000110                        . = ALIGN (0x4)
 *(.text)
 .text          0x08000110       0x40 F:/STM32CubeIDE_1.18.0/STM32CubeIDE/plugins/com.st.stm32cube.ide.mcu.externaltools.gnu-tools-for-stm32.13.3.rel1.win32_1.0.0.202411081344/tools/bin/../lib/gcc/arm-none-eabi/13.3.1/thumb/v7-m/nofp/crtbegin.o
 *(.text*)
 .text.memset   0x08000150       0x10 F:/STM32CubeIDE_1.18.0/STM32CubeIDE/plugins/com.st.stm32cube.ide.mcu.externaltools.gnu-tools-for-stm32.13.3.rel1.win32_1.0.0.202411081344/tools/bin/../lib/gcc/arm-none-eabi/13.3.1/../../../../arm-none-eabi/lib/thumb/v7-m/nofp\libc_nano.a(libc_a-memset.o)
                0x08000150                memset
 .text.__libc_init_array
                0x08000160       0x48 F:/STM32CubeIDE_1.18.0/STM32CubeIDE/plugins/com.st.stm32cube.ide.mcu.externaltools.gnu-tools-for-stm32.13.3.rel1.win32_1.0.0.202411081344/tools/bin/../lib/gcc/arm-none-eabi/13.3.1/../../../../arm-none-eabi/lib/thumb/v7-m/nofp\libc_nano.a(libc_a-init.o)
                0x08000160                __libc_init_array
 .text.MX_FREERTOS_Init
                0x080001a8       0x24 CMakeFiles/Agricultural_System.dir/Core/Src/freertos.c.obj
                0x080001a8                MX_FREERTOS_Init
 .text.StartDefaultTask
                0x080001cc       0x10 CMakeFiles/Agricultural_System.dir/Core/Src/freertos.c.obj
                0x080001cc                StartDefaultTask
 .text.MX_GPIO_Init
                0x080001dc       0xbc CMakeFiles/Agricultural_System.dir/Core/Src/gpio.c.obj
                0x080001dc                MX_GPIO_Init
 .text.MX_I2C1_Init
                0x08000298       0x5c CMakeFiles/Agricultural_System.dir/Core/Src/i2c.c.obj
                0x08000298                MX_I2C1_Init
 .text.HAL_I2C_MspInit
                0x080002f4       0x7c CMakeFiles/Agricultural_System.dir/Core/Src/i2c.c.obj
                0x080002f4                HAL_I2C_MspInit
 .text.test     0x08000370        0xc CMakeFiles/Agricultural_System.dir/Core/Src/led.c.obj
                0x08000370                test
 .text.main     0x0800037c       0x28 CMakeFiles/Agricultural_System.dir/Core/Src/main.c.obj
                0x0800037c                main
 .text.SystemClock_Config
                0x080003a4       0x8a CMakeFiles/Agricultural_System.dir/Core/Src/main.c.obj
                0x080003a4                SystemClock_Config
 *fill*         0x0800042e        0x2 
 .text.HAL_TIM_PeriodElapsedCallback
                0x08000430       0x24 CMakeFiles/Agricultural_System.dir/Core/Src/main.c.obj
                0x08000430                HAL_TIM_PeriodElapsedCallback
 .text.Error_Handler
                0x08000454        0xc CMakeFiles/Agricultural_System.dir/Core/Src/main.c.obj
                0x08000454                Error_Handler
 .text.HAL_MspInit
                0x08000460       0x70 CMakeFiles/Agricultural_System.dir/Core/Src/stm32f1xx_hal_msp.c.obj
                0x08000460                HAL_MspInit
 .text.HAL_InitTick
                0x080004d0       0xfc CMakeFiles/Agricultural_System.dir/Core/Src/stm32f1xx_hal_timebase_tim.c.obj
                0x080004d0                HAL_InitTick
 .text.NMI_Handler
                0x080005cc        0x8 CMakeFiles/Agricultural_System.dir/Core/Src/stm32f1xx_it.c.obj
                0x080005cc                NMI_Handler
 .text.HardFault_Handler
                0x080005d4        0x8 CMakeFiles/Agricultural_System.dir/Core/Src/stm32f1xx_it.c.obj
                0x080005d4                HardFault_Handler
 .text.MemManage_Handler
                0x080005dc        0x8 CMakeFiles/Agricultural_System.dir/Core/Src/stm32f1xx_it.c.obj
                0x080005dc                MemManage_Handler
 .text.BusFault_Handler
                0x080005e4        0x8 CMakeFiles/Agricultural_System.dir/Core/Src/stm32f1xx_it.c.obj
                0x080005e4                BusFault_Handler
 .text.UsageFault_Handler
                0x080005ec        0x8 CMakeFiles/Agricultural_System.dir/Core/Src/stm32f1xx_it.c.obj
                0x080005ec                UsageFault_Handler
 .text.DebugMon_Handler
                0x080005f4        0xc CMakeFiles/Agricultural_System.dir/Core/Src/stm32f1xx_it.c.obj
                0x080005f4                DebugMon_Handler
 .text.TIM4_IRQHandler
                0x08000600       0x14 CMakeFiles/Agricultural_System.dir/Core/Src/stm32f1xx_it.c.obj
                0x08000600                TIM4_IRQHandler
 .text.SystemInit
                0x08000614        0xc CMakeFiles/Agricultural_System.dir/Core/Src/system_stm32f1xx.c.obj
                0x08000614                SystemInit
 .text.HAL_TIM_Base_Init
                0x08000620       0x9e CMakeFiles/Agricultural_System.dir/Drivers/STM32F1xx_HAL_Driver/Src/stm32f1xx_hal_tim.c.obj
                0x08000620                HAL_TIM_Base_Init
 .text.HAL_TIM_Base_MspInit
                0x080006be       0x12 CMakeFiles/Agricultural_System.dir/Drivers/STM32F1xx_HAL_Driver/Src/stm32f1xx_hal_tim.c.obj
                0x080006be                HAL_TIM_Base_MspInit
 .text.HAL_TIM_Base_Start_IT
                0x080006d0       0xa4 CMakeFiles/Agricultural_System.dir/Drivers/STM32F1xx_HAL_Driver/Src/stm32f1xx_hal_tim.c.obj
                0x080006d0                HAL_TIM_Base_Start_IT
 .text.HAL_TIM_IRQHandler
                0x08000774      0x1e0 CMakeFiles/Agricultural_System.dir/Drivers/STM32F1xx_HAL_Driver/Src/stm32f1xx_hal_tim.c.obj
                0x08000774                HAL_TIM_IRQHandler
 .text.HAL_TIM_OC_DelayElapsedCallback
                0x08000954       0x12 CMakeFiles/Agricultural_System.dir/Drivers/STM32F1xx_HAL_Driver/Src/stm32f1xx_hal_tim.c.obj
                0x08000954                HAL_TIM_OC_DelayElapsedCallback
 .text.HAL_TIM_IC_CaptureCallback
                0x08000966       0x12 CMakeFiles/Agricultural_System.dir/Drivers/STM32F1xx_HAL_Driver/Src/stm32f1xx_hal_tim.c.obj
                0x08000966                HAL_TIM_IC_CaptureCallback
 .text.HAL_TIM_PWM_PulseFinishedCallback
                0x08000978       0x12 CMakeFiles/Agricultural_System.dir/Drivers/STM32F1xx_HAL_Driver/Src/stm32f1xx_hal_tim.c.obj
                0x08000978                HAL_TIM_PWM_PulseFinishedCallback
 .text.HAL_TIM_TriggerCallback
                0x0800098a       0x12 CMakeFiles/Agricultural_System.dir/Drivers/STM32F1xx_HAL_Driver/Src/stm32f1xx_hal_tim.c.obj
                0x0800098a                HAL_TIM_TriggerCallback
 .text.TIM_Base_SetConfig
                0x0800099c       0xdc CMakeFiles/Agricultural_System.dir/Drivers/STM32F1xx_HAL_Driver/Src/stm32f1xx_hal_tim.c.obj
                0x0800099c                TIM_Base_SetConfig
 .text.HAL_TIMEx_CommutCallback
                0x08000a78       0x12 CMakeFiles/Agricultural_System.dir/Drivers/STM32F1xx_HAL_Driver/Src/stm32f1xx_hal_tim_ex.c.obj
                0x08000a78                HAL_TIMEx_CommutCallback
 .text.HAL_TIMEx_BreakCallback
                0x08000a8a       0x12 CMakeFiles/Agricultural_System.dir/Drivers/STM32F1xx_HAL_Driver/Src/stm32f1xx_hal_tim_ex.c.obj
                0x08000a8a                HAL_TIMEx_BreakCallback
 .text.HAL_Init
                0x08000a9c       0x2c CMakeFiles/Agricultural_System.dir/Drivers/STM32F1xx_HAL_Driver/Src/stm32f1xx_hal.c.obj
                0x08000a9c                HAL_Init
 .text.HAL_IncTick
                0x08000ac8       0x24 CMakeFiles/Agricultural_System.dir/Drivers/STM32F1xx_HAL_Driver/Src/stm32f1xx_hal.c.obj
                0x08000ac8                HAL_IncTick
 .text.HAL_GetTick
                0x08000aec       0x14 CMakeFiles/Agricultural_System.dir/Drivers/STM32F1xx_HAL_Driver/Src/stm32f1xx_hal.c.obj
                0x08000aec                HAL_GetTick
 .text.HAL_RCC_OscConfig
                0x08000b00      0x504 CMakeFiles/Agricultural_System.dir/Drivers/STM32F1xx_HAL_Driver/Src/stm32f1xx_hal_rcc.c.obj
                0x08000b00                HAL_RCC_OscConfig
 .text.HAL_RCC_ClockConfig
                0x08001004      0x1d4 CMakeFiles/Agricultural_System.dir/Drivers/STM32F1xx_HAL_Driver/Src/stm32f1xx_hal_rcc.c.obj
                0x08001004                HAL_RCC_ClockConfig
 .text.HAL_RCC_GetSysClockFreq
                0x080011d8       0xa8 CMakeFiles/Agricultural_System.dir/Drivers/STM32F1xx_HAL_Driver/Src/stm32f1xx_hal_rcc.c.obj
                0x080011d8                HAL_RCC_GetSysClockFreq
 .text.HAL_RCC_GetHCLKFreq
                0x08001280       0x14 CMakeFiles/Agricultural_System.dir/Drivers/STM32F1xx_HAL_Driver/Src/stm32f1xx_hal_rcc.c.obj
                0x08001280                HAL_RCC_GetHCLKFreq
 .text.HAL_RCC_GetPCLK1Freq
                0x08001294       0x28 CMakeFiles/Agricultural_System.dir/Drivers/STM32F1xx_HAL_Driver/Src/stm32f1xx_hal_rcc.c.obj
                0x08001294                HAL_RCC_GetPCLK1Freq
 .text.HAL_RCC_GetClockConfig
                0x080012bc       0x60 CMakeFiles/Agricultural_System.dir/Drivers/STM32F1xx_HAL_Driver/Src/stm32f1xx_hal_rcc.c.obj
                0x080012bc                HAL_RCC_GetClockConfig
 .text.RCC_Delay
                0x0800131c       0x3c CMakeFiles/Agricultural_System.dir/Drivers/STM32F1xx_HAL_Driver/Src/stm32f1xx_hal_rcc.c.obj
 .text.HAL_GPIO_Init
                0x08001358      0x308 CMakeFiles/Agricultural_System.dir/Drivers/STM32F1xx_HAL_Driver/Src/stm32f1xx_hal_gpio.c.obj
                0x08001358                HAL_GPIO_Init
 .text.HAL_GPIO_WritePin
                0x08001660       0x30 CMakeFiles/Agricultural_System.dir/Drivers/STM32F1xx_HAL_Driver/Src/stm32f1xx_hal_gpio.c.obj
                0x08001660                HAL_GPIO_WritePin
 .text.__NVIC_SetPriorityGrouping
                0x08001690       0x48 CMakeFiles/Agricultural_System.dir/Drivers/STM32F1xx_HAL_Driver/Src/stm32f1xx_hal_cortex.c.obj
 .text.__NVIC_GetPriorityGrouping
                0x080016d8       0x1c CMakeFiles/Agricultural_System.dir/Drivers/STM32F1xx_HAL_Driver/Src/stm32f1xx_hal_cortex.c.obj
 .text.__NVIC_EnableIRQ
                0x080016f4       0x38 CMakeFiles/Agricultural_System.dir/Drivers/STM32F1xx_HAL_Driver/Src/stm32f1xx_hal_cortex.c.obj
 .text.__NVIC_SetPriority
                0x0800172c       0x54 CMakeFiles/Agricultural_System.dir/Drivers/STM32F1xx_HAL_Driver/Src/stm32f1xx_hal_cortex.c.obj
 .text.NVIC_EncodePriority
                0x08001780       0x64 CMakeFiles/Agricultural_System.dir/Drivers/STM32F1xx_HAL_Driver/Src/stm32f1xx_hal_cortex.c.obj
 .text.HAL_NVIC_SetPriorityGrouping
                0x080017e4       0x16 CMakeFiles/Agricultural_System.dir/Drivers/STM32F1xx_HAL_Driver/Src/stm32f1xx_hal_cortex.c.obj
                0x080017e4                HAL_NVIC_SetPriorityGrouping
 .text.HAL_NVIC_SetPriority
                0x080017fa       0x38 CMakeFiles/Agricultural_System.dir/Drivers/STM32F1xx_HAL_Driver/Src/stm32f1xx_hal_cortex.c.obj
                0x080017fa                HAL_NVIC_SetPriority
 .text.HAL_NVIC_EnableIRQ
                0x08001832       0x1c CMakeFiles/Agricultural_System.dir/Drivers/STM32F1xx_HAL_Driver/Src/stm32f1xx_hal_cortex.c.obj
                0x08001832                HAL_NVIC_EnableIRQ
 *fill*         0x0800184e        0x2 
 .text.HAL_I2C_Init
                0x08001850      0x288 CMakeFiles/Agricultural_System.dir/Drivers/STM32F1xx_HAL_Driver/Src/stm32f1xx_hal_i2c.c.obj
                0x08001850                HAL_I2C_Init
 .text.vListInitialise
                0x08001ad8       0x3e CMakeFiles/Agricultural_System.dir/Middlewares/Third_Party/FreeRTOS/Source/list.c.obj
                0x08001ad8                vListInitialise
 .text.vListInitialiseItem
                0x08001b16       0x18 CMakeFiles/Agricultural_System.dir/Middlewares/Third_Party/FreeRTOS/Source/list.c.obj
                0x08001b16                vListInitialiseItem
 .text.vListInsertEnd
                0x08001b2e       0x46 CMakeFiles/Agricultural_System.dir/Middlewares/Third_Party/FreeRTOS/Source/list.c.obj
                0x08001b2e                vListInsertEnd
 .text.vListInsert
                0x08001b74       0x70 CMakeFiles/Agricultural_System.dir/Middlewares/Third_Party/FreeRTOS/Source/list.c.obj
                0x08001b74                vListInsert
 .text.uxListRemove
                0x08001be4       0x52 CMakeFiles/Agricultural_System.dir/Middlewares/Third_Party/FreeRTOS/Source/list.c.obj
                0x08001be4                uxListRemove
 *fill*         0x08001c36        0x2 
 .text.xQueueGenericReset
                0x08001c38       0xd4 CMakeFiles/Agricultural_System.dir/Middlewares/Third_Party/FreeRTOS/Source/queue.c.obj
                0x08001c38                xQueueGenericReset
 .text.xQueueGenericCreateStatic
                0x08001d0c       0xfa CMakeFiles/Agricultural_System.dir/Middlewares/Third_Party/FreeRTOS/Source/queue.c.obj
                0x08001d0c                xQueueGenericCreateStatic
 .text.prvInitialiseNewQueue
                0x08001e06       0x46 CMakeFiles/Agricultural_System.dir/Middlewares/Third_Party/FreeRTOS/Source/queue.c.obj
 .text.xQueueGenericSend
                0x08001e4c      0x204 CMakeFiles/Agricultural_System.dir/Middlewares/Third_Party/FreeRTOS/Source/queue.c.obj
                0x08001e4c                xQueueGenericSend
 .text.xQueueGenericSendFromISR
                0x08002050      0x13c CMakeFiles/Agricultural_System.dir/Middlewares/Third_Party/FreeRTOS/Source/queue.c.obj
                0x08002050                xQueueGenericSendFromISR
 .text.xQueueReceive
                0x0800218c      0x1c4 CMakeFiles/Agricultural_System.dir/Middlewares/Third_Party/FreeRTOS/Source/queue.c.obj
                0x0800218c                xQueueReceive
 .text.prvCopyDataToQueue
                0x08002350       0xd4 CMakeFiles/Agricultural_System.dir/Middlewares/Third_Party/FreeRTOS/Source/queue.c.obj
 .text.prvCopyDataFromQueue
                0x08002424       0x4c CMakeFiles/Agricultural_System.dir/Middlewares/Third_Party/FreeRTOS/Source/queue.c.obj
 .text.prvUnlockQueue
                0x08002470       0xa4 CMakeFiles/Agricultural_System.dir/Middlewares/Third_Party/FreeRTOS/Source/queue.c.obj
 .text.prvIsQueueEmpty
                0x08002514       0x2c CMakeFiles/Agricultural_System.dir/Middlewares/Third_Party/FreeRTOS/Source/queue.c.obj
 .text.prvIsQueueFull
                0x08002540       0x30 CMakeFiles/Agricultural_System.dir/Middlewares/Third_Party/FreeRTOS/Source/queue.c.obj
 .text.vQueueAddToRegistry
                0x08002570       0x50 CMakeFiles/Agricultural_System.dir/Middlewares/Third_Party/FreeRTOS/Source/queue.c.obj
                0x08002570                vQueueAddToRegistry
 .text.vQueueWaitForMessageRestricted
                0x080025c0       0x68 CMakeFiles/Agricultural_System.dir/Middlewares/Third_Party/FreeRTOS/Source/queue.c.obj
                0x080025c0                vQueueWaitForMessageRestricted
 .text.xTaskCreateStatic
                0x08002628       0xc0 CMakeFiles/Agricultural_System.dir/Middlewares/Third_Party/FreeRTOS/Source/tasks.c.obj
                0x08002628                xTaskCreateStatic
 .text.xTaskCreate
                0x080026e8       0x8a CMakeFiles/Agricultural_System.dir/Middlewares/Third_Party/FreeRTOS/Source/tasks.c.obj
                0x080026e8                xTaskCreate
 .text.prvInitialiseNewTask
                0x08002772      0x120 CMakeFiles/Agricultural_System.dir/Middlewares/Third_Party/FreeRTOS/Source/tasks.c.obj
 *fill*         0x08002892        0x2 
 .text.prvAddNewTaskToReadyList
                0x08002894       0xe0 CMakeFiles/Agricultural_System.dir/Middlewares/Third_Party/FreeRTOS/Source/tasks.c.obj
 .text.vTaskDelay
                0x08002974       0x6c CMakeFiles/Agricultural_System.dir/Middlewares/Third_Party/FreeRTOS/Source/tasks.c.obj
                0x08002974                vTaskDelay
 .text.vTaskStartScheduler
                0x080029e0       0xd0 CMakeFiles/Agricultural_System.dir/Middlewares/Third_Party/FreeRTOS/Source/tasks.c.obj
                0x080029e0                vTaskStartScheduler
 .text.vTaskSuspendAll
                0x08002ab0       0x1c CMakeFiles/Agricultural_System.dir/Middlewares/Third_Party/FreeRTOS/Source/tasks.c.obj
                0x08002ab0                vTaskSuspendAll
 .text.xTaskResumeAll
                0x08002acc      0x13c CMakeFiles/Agricultural_System.dir/Middlewares/Third_Party/FreeRTOS/Source/tasks.c.obj
                0x08002acc                xTaskResumeAll
 .text.xTaskGetTickCount
                0x08002c08       0x1c CMakeFiles/Agricultural_System.dir/Middlewares/Third_Party/FreeRTOS/Source/tasks.c.obj
                0x08002c08                xTaskGetTickCount
 .text.xTaskIncrementTick
                0x08002c24      0x174 CMakeFiles/Agricultural_System.dir/Middlewares/Third_Party/FreeRTOS/Source/tasks.c.obj
                0x08002c24                xTaskIncrementTick
 .text.vTaskSwitchContext
                0x08002d98       0xbc CMakeFiles/Agricultural_System.dir/Middlewares/Third_Party/FreeRTOS/Source/tasks.c.obj
                0x08002d98                vTaskSwitchContext
 .text.vTaskPlaceOnEventList
                0x08002e54       0x4c CMakeFiles/Agricultural_System.dir/Middlewares/Third_Party/FreeRTOS/Source/tasks.c.obj
                0x08002e54                vTaskPlaceOnEventList
 .text.vTaskPlaceOnEventListRestricted
                0x08002ea0       0x58 CMakeFiles/Agricultural_System.dir/Middlewares/Third_Party/FreeRTOS/Source/tasks.c.obj
                0x08002ea0                vTaskPlaceOnEventListRestricted
 .text.xTaskRemoveFromEventList
                0x08002ef8       0xc8 CMakeFiles/Agricultural_System.dir/Middlewares/Third_Party/FreeRTOS/Source/tasks.c.obj
                0x08002ef8                xTaskRemoveFromEventList
 .text.vTaskInternalSetTimeOutState
                0x08002fc0       0x2c CMakeFiles/Agricultural_System.dir/Middlewares/Third_Party/FreeRTOS/Source/tasks.c.obj
                0x08002fc0                vTaskInternalSetTimeOutState
 .text.xTaskCheckForTimeOut
                0x08002fec       0xc8 CMakeFiles/Agricultural_System.dir/Middlewares/Third_Party/FreeRTOS/Source/tasks.c.obj
                0x08002fec                xTaskCheckForTimeOut
 .text.vTaskMissedYield
                0x080030b4       0x18 CMakeFiles/Agricultural_System.dir/Middlewares/Third_Party/FreeRTOS/Source/tasks.c.obj
                0x080030b4                vTaskMissedYield
 .text.prvIdleTask
                0x080030cc       0x30 CMakeFiles/Agricultural_System.dir/Middlewares/Third_Party/FreeRTOS/Source/tasks.c.obj
 .text.prvInitialiseTaskLists
                0x080030fc       0x80 CMakeFiles/Agricultural_System.dir/Middlewares/Third_Party/FreeRTOS/Source/tasks.c.obj
 .text.prvCheckTasksWaitingTermination
                0x0800317c       0x5c CMakeFiles/Agricultural_System.dir/Middlewares/Third_Party/FreeRTOS/Source/tasks.c.obj
 .text.prvDeleteTCB
                0x080031d8       0x60 CMakeFiles/Agricultural_System.dir/Middlewares/Third_Party/FreeRTOS/Source/tasks.c.obj
 .text.prvResetNextTaskUnblockTime
                0x08003238       0x40 CMakeFiles/Agricultural_System.dir/Middlewares/Third_Party/FreeRTOS/Source/tasks.c.obj
 .text.xTaskGetSchedulerState
                0x08003278       0x3c CMakeFiles/Agricultural_System.dir/Middlewares/Third_Party/FreeRTOS/Source/tasks.c.obj
                0x08003278                xTaskGetSchedulerState
 .text.xTaskPriorityDisinherit
                0x080032b4       0xe0 CMakeFiles/Agricultural_System.dir/Middlewares/Third_Party/FreeRTOS/Source/tasks.c.obj
                0x080032b4                xTaskPriorityDisinherit
 .text.prvAddCurrentTaskToDelayedList
                0x08003394       0xa8 CMakeFiles/Agricultural_System.dir/Middlewares/Third_Party/FreeRTOS/Source/tasks.c.obj
 .text.xTimerCreateTimerTask
                0x0800343c       0x94 CMakeFiles/Agricultural_System.dir/Middlewares/Third_Party/FreeRTOS/Source/timers.c.obj
                0x0800343c                xTimerCreateTimerTask
 .text.xTimerGenericCommand
                0x080034d0       0x9c CMakeFiles/Agricultural_System.dir/Middlewares/Third_Party/FreeRTOS/Source/timers.c.obj
                0x080034d0                xTimerGenericCommand
 .text.prvProcessExpiredTimer
                0x0800356c       0x9c CMakeFiles/Agricultural_System.dir/Middlewares/Third_Party/FreeRTOS/Source/timers.c.obj
 .text.prvTimerTask
                0x08003608       0x26 CMakeFiles/Agricultural_System.dir/Middlewares/Third_Party/FreeRTOS/Source/timers.c.obj
 *fill*         0x0800362e        0x2 
 .text.prvProcessTimerOrBlockTask
                0x08003630       0x9c CMakeFiles/Agricultural_System.dir/Middlewares/Third_Party/FreeRTOS/Source/timers.c.obj
 .text.prvGetNextExpireTime
                0x080036cc       0x44 CMakeFiles/Agricultural_System.dir/Middlewares/Third_Party/FreeRTOS/Source/timers.c.obj
 .text.prvSampleTimeNow
                0x08003710       0x40 CMakeFiles/Agricultural_System.dir/Middlewares/Third_Party/FreeRTOS/Source/timers.c.obj
 .text.prvInsertTimerInActiveList
                0x08003750       0x84 CMakeFiles/Agricultural_System.dir/Middlewares/Third_Party/FreeRTOS/Source/timers.c.obj
 .text.prvProcessReceivedCommands
                0x080037d4      0x1cc CMakeFiles/Agricultural_System.dir/Middlewares/Third_Party/FreeRTOS/Source/timers.c.obj
 .text.prvSwitchTimerLists
                0x080039a0       0xcc CMakeFiles/Agricultural_System.dir/Middlewares/Third_Party/FreeRTOS/Source/timers.c.obj
 .text.prvCheckForValidListAndQueue
                0x08003a6c       0x80 CMakeFiles/Agricultural_System.dir/Middlewares/Third_Party/FreeRTOS/Source/timers.c.obj
 .text.__NVIC_SetPriority
                0x08003aec       0x54 CMakeFiles/Agricultural_System.dir/Middlewares/Third_Party/FreeRTOS/Source/CMSIS_RTOS_V2/cmsis_os2.c.obj
 .text.SysTick_Handler
                0x08003b40       0x20 CMakeFiles/Agricultural_System.dir/Middlewares/Third_Party/FreeRTOS/Source/CMSIS_RTOS_V2/cmsis_os2.c.obj
                0x08003b40                SysTick_Handler
 .text.SVC_Setup
                0x08003b60       0x12 CMakeFiles/Agricultural_System.dir/Middlewares/Third_Party/FreeRTOS/Source/CMSIS_RTOS_V2/cmsis_os2.c.obj
 *fill*         0x08003b72        0x2 
 .text.osKernelInitialize
                0x08003b74       0x44 CMakeFiles/Agricultural_System.dir/Middlewares/Third_Party/FreeRTOS/Source/CMSIS_RTOS_V2/cmsis_os2.c.obj
                0x08003b74                osKernelInitialize
 .text.osKernelStart
                0x08003bb8       0x4c CMakeFiles/Agricultural_System.dir/Middlewares/Third_Party/FreeRTOS/Source/CMSIS_RTOS_V2/cmsis_os2.c.obj
                0x08003bb8                osKernelStart
 .text.osThreadNew
                0x08003c04      0x124 CMakeFiles/Agricultural_System.dir/Middlewares/Third_Party/FreeRTOS/Source/CMSIS_RTOS_V2/cmsis_os2.c.obj
                0x08003c04                osThreadNew
 .text.osDelay  0x08003d28       0x36 CMakeFiles/Agricultural_System.dir/Middlewares/Third_Party/FreeRTOS/Source/CMSIS_RTOS_V2/cmsis_os2.c.obj
                0x08003d28                osDelay
 *fill*         0x08003d5e        0x2 
 .text.vApplicationGetIdleTaskMemory
                0x08003d60       0x30 CMakeFiles/Agricultural_System.dir/Middlewares/Third_Party/FreeRTOS/Source/CMSIS_RTOS_V2/cmsis_os2.c.obj
                0x08003d60                vApplicationGetIdleTaskMemory
 .text.vApplicationGetTimerTaskMemory
                0x08003d90       0x34 CMakeFiles/Agricultural_System.dir/Middlewares/Third_Party/FreeRTOS/Source/CMSIS_RTOS_V2/cmsis_os2.c.obj
                0x08003d90                vApplicationGetTimerTaskMemory
 .text.pvPortMalloc
                0x08003dc4      0x19c CMakeFiles/Agricultural_System.dir/Middlewares/Third_Party/FreeRTOS/Source/portable/MemMang/heap_4.c.obj
                0x08003dc4                pvPortMalloc
 .text.vPortFree
                0x08003f60       0xc8 CMakeFiles/Agricultural_System.dir/Middlewares/Third_Party/FreeRTOS/Source/portable/MemMang/heap_4.c.obj
                0x08003f60                vPortFree
 .text.prvHeapInit
                0x08004028       0xc4 CMakeFiles/Agricultural_System.dir/Middlewares/Third_Party/FreeRTOS/Source/portable/MemMang/heap_4.c.obj
 .text.prvInsertBlockIntoFreeList
                0x080040ec       0xb0 CMakeFiles/Agricultural_System.dir/Middlewares/Third_Party/FreeRTOS/Source/portable/MemMang/heap_4.c.obj
 .text.pxPortInitialiseStack
                0x0800419c       0x58 CMakeFiles/Agricultural_System.dir/Middlewares/Third_Party/FreeRTOS/Source/portable/GCC/ARM_CM3/port.c.obj
                0x0800419c                pxPortInitialiseStack
 .text.prvTaskExitError
                0x080041f4       0x58 CMakeFiles/Agricultural_System.dir/Middlewares/Third_Party/FreeRTOS/Source/portable/GCC/ARM_CM3/port.c.obj
 *fill*         0x0800424c        0x4 
 .text.SVC_Handler
                0x08004250       0x28 CMakeFiles/Agricultural_System.dir/Middlewares/Third_Party/FreeRTOS/Source/portable/GCC/ARM_CM3/port.c.obj
                0x08004250                SVC_Handler
 .text.prvPortStartFirstTask
                0x08004278       0x20 CMakeFiles/Agricultural_System.dir/Middlewares/Third_Party/FreeRTOS/Source/portable/GCC/ARM_CM3/port.c.obj
 .text.xPortStartScheduler
                0x08004298       0xe4 CMakeFiles/Agricultural_System.dir/Middlewares/Third_Party/FreeRTOS/Source/portable/GCC/ARM_CM3/port.c.obj
                0x08004298                xPortStartScheduler
 .text.vPortEnterCritical
                0x0800437c       0x60 CMakeFiles/Agricultural_System.dir/Middlewares/Third_Party/FreeRTOS/Source/portable/GCC/ARM_CM3/port.c.obj
                0x0800437c                vPortEnterCritical
 .text.vPortExitCritical
                0x080043dc       0x54 CMakeFiles/Agricultural_System.dir/Middlewares/Third_Party/FreeRTOS/Source/portable/GCC/ARM_CM3/port.c.obj
                0x080043dc                vPortExitCritical
 .text.PendSV_Handler
                0x08004430       0x48 CMakeFiles/Agricultural_System.dir/Middlewares/Third_Party/FreeRTOS/Source/portable/GCC/ARM_CM3/port.c.obj
                0x08004430                PendSV_Handler
 .text.xPortSysTickHandler
                0x08004478       0x44 CMakeFiles/Agricultural_System.dir/Middlewares/Third_Party/FreeRTOS/Source/portable/GCC/ARM_CM3/port.c.obj
                0x08004478                xPortSysTickHandler
 .text.vPortSetupTimerInterrupt
                0x080044bc       0x44 CMakeFiles/Agricultural_System.dir/Middlewares/Third_Party/FreeRTOS/Source/portable/GCC/ARM_CM3/port.c.obj
                0x080044bc                vPortSetupTimerInterrupt
 .text.vPortValidateInterruptPriority
                0x08004500       0x80 CMakeFiles/Agricultural_System.dir/Middlewares/Third_Party/FreeRTOS/Source/portable/GCC/ARM_CM3/port.c.obj
                0x08004500                vPortValidateInterruptPriority
 .text.Reset_Handler
                0x08004580       0x48 CMakeFiles/Agricultural_System.dir/startup_stm32f103xb.s.obj
                0x08004580                Reset_Handler
 .text.Default_Handler
                0x080045c8        0x2 CMakeFiles/Agricultural_System.dir/startup_stm32f103xb.s.obj
                0x080045c8                RTC_Alarm_IRQHandler
                0x080045c8                EXTI2_IRQHandler
                0x080045c8                TIM1_CC_IRQHandler
                0x080045c8                PVD_IRQHandler
                0x080045c8                EXTI3_IRQHandler
                0x080045c8                EXTI0_IRQHandler
                0x080045c8                I2C2_EV_IRQHandler
                0x080045c8                ADC1_2_IRQHandler
                0x080045c8                SPI1_IRQHandler
                0x080045c8                TAMPER_IRQHandler
                0x080045c8                DMA1_Channel4_IRQHandler
                0x080045c8                USART3_IRQHandler
                0x080045c8                RTC_IRQHandler
                0x080045c8                DMA1_Channel7_IRQHandler
                0x080045c8                CAN1_RX1_IRQHandler
                0x080045c8                I2C1_EV_IRQHandler
                0x080045c8                DMA1_Channel6_IRQHandler
                0x080045c8                TIM3_IRQHandler
                0x080045c8                RCC_IRQHandler
                0x080045c8                TIM1_TRG_COM_IRQHandler
                0x080045c8                DMA1_Channel1_IRQHandler
                0x080045c8                Default_Handler
                0x080045c8                EXTI15_10_IRQHandler
                0x080045c8                EXTI9_5_IRQHandler
                0x080045c8                SPI2_IRQHandler
                0x080045c8                DMA1_Channel5_IRQHandler
                0x080045c8                EXTI4_IRQHandler
                0x080045c8                USB_LP_CAN1_RX0_IRQHandler
                0x080045c8                USB_HP_CAN1_TX_IRQHandler
                0x080045c8                DMA1_Channel3_IRQHandler
                0x080045c8                TIM1_UP_IRQHandler
                0x080045c8                WWDG_IRQHandler
                0x080045c8                TIM2_IRQHandler
                0x080045c8                TIM1_BRK_IRQHandler
                0x080045c8                EXTI1_IRQHandler
                0x080045c8                USART2_IRQHandler
                0x080045c8                I2C2_ER_IRQHandler
                0x080045c8                DMA1_Channel2_IRQHandler
                0x080045c8                CAN1_SCE_IRQHandler
                0x080045c8                FLASH_IRQHandler
                0x080045c8                USART1_IRQHandler
                0x080045c8                I2C1_ER_IRQHandler
                0x080045c8                USBWakeUp_IRQHandler
 .text.memcpy   0x080045ca       0x1c F:/STM32CubeIDE_1.18.0/STM32CubeIDE/plugins/com.st.stm32cube.ide.mcu.externaltools.gnu-tools-for-stm32.13.3.rel1.win32_1.0.0.202411081344/tools/bin/../lib/gcc/arm-none-eabi/13.3.1/../../../../arm-none-eabi/lib/thumb/v7-m/nofp\libg_nano.a(libc_a-memcpy-stub.o)
                0x080045ca                memcpy
 *(.glue_7)
 .glue_7        0x080045e6        0x0 linker stubs
 *(.glue_7t)
 .glue_7t       0x080045e6        0x0 linker stubs
 *(.eh_frame)
 *fill*         0x080045e6        0x2 
 .eh_frame      0x080045e8        0x0 F:/STM32CubeIDE_1.18.0/STM32CubeIDE/plugins/com.st.stm32cube.ide.mcu.externaltools.gnu-tools-for-stm32.13.3.rel1.win32_1.0.0.202411081344/tools/bin/../lib/gcc/arm-none-eabi/13.3.1/thumb/v7-m/nofp/crtbegin.o
 *(.init)
 .init          0x080045e8        0x4 F:/STM32CubeIDE_1.18.0/STM32CubeIDE/plugins/com.st.stm32cube.ide.mcu.externaltools.gnu-tools-for-stm32.13.3.rel1.win32_1.0.0.202411081344/tools/bin/../lib/gcc/arm-none-eabi/13.3.1/thumb/v7-m/nofp/crti.o
                0x080045e8                _init
 .init          0x080045ec        0x8 F:/STM32CubeIDE_1.18.0/STM32CubeIDE/plugins/com.st.stm32cube.ide.mcu.externaltools.gnu-tools-for-stm32.13.3.rel1.win32_1.0.0.202411081344/tools/bin/../lib/gcc/arm-none-eabi/13.3.1/thumb/v7-m/nofp/crtn.o
 *(.fini)
 .fini          0x080045f4        0x4 F:/STM32CubeIDE_1.18.0/STM32CubeIDE/plugins/com.st.stm32cube.ide.mcu.externaltools.gnu-tools-for-stm32.13.3.rel1.win32_1.0.0.202411081344/tools/bin/../lib/gcc/arm-none-eabi/13.3.1/thumb/v7-m/nofp/crti.o
                0x080045f4                _fini
 .fini          0x080045f8        0x8 F:/STM32CubeIDE_1.18.0/STM32CubeIDE/plugins/com.st.stm32cube.ide.mcu.externaltools.gnu-tools-for-stm32.13.3.rel1.win32_1.0.0.202411081344/tools/bin/../lib/gcc/arm-none-eabi/13.3.1/thumb/v7-m/nofp/crtn.o
                0x08004600                        . = ALIGN (0x4)
                0x08004600                        _etext = .

.vfp11_veneer   0x08004600        0x0
 .vfp11_veneer  0x08004600        0x0 linker stubs

.v4_bx          0x08004600        0x0
 .v4_bx         0x08004600        0x0 linker stubs

.iplt           0x08004600        0x0
 .iplt          0x08004600        0x0 F:/STM32CubeIDE_1.18.0/STM32CubeIDE/plugins/com.st.stm32cube.ide.mcu.externaltools.gnu-tools-for-stm32.13.3.rel1.win32_1.0.0.202411081344/tools/bin/../lib/gcc/arm-none-eabi/13.3.1/thumb/v7-m/nofp/crtbegin.o

.rodata         0x08004600       0x74
                0x08004600                        . = ALIGN (0x4)
 *(.rodata)
 .rodata        0x08004600        0xc CMakeFiles/Agricultural_System.dir/Core/Src/freertos.c.obj
 .rodata        0x0800460c        0x5 CMakeFiles/Agricultural_System.dir/Middlewares/Third_Party/FreeRTOS/Source/tasks.c.obj
 *fill*         0x08004611        0x3 
 .rodata        0x08004614        0xd CMakeFiles/Agricultural_System.dir/Middlewares/Third_Party/FreeRTOS/Source/timers.c.obj
 *(.rodata*)
 *fill*         0x08004621        0x3 
 .rodata.defaultTask_attributes
                0x08004624       0x24 CMakeFiles/Agricultural_System.dir/Core/Src/freertos.c.obj
                0x08004624                defaultTask_attributes
 .rodata.AHBPrescTable
                0x08004648       0x10 CMakeFiles/Agricultural_System.dir/Core/Src/system_stm32f1xx.c.obj
                0x08004648                AHBPrescTable
 .rodata.APBPrescTable
                0x08004658        0x8 CMakeFiles/Agricultural_System.dir/Core/Src/system_stm32f1xx.c.obj
                0x08004658                APBPrescTable
 .rodata.aPLLMULFactorTable.1
                0x08004660       0x10 CMakeFiles/Agricultural_System.dir/Drivers/STM32F1xx_HAL_Driver/Src/stm32f1xx_hal_rcc.c.obj
 .rodata.aPredivFactorTable.0
                0x08004670        0x2 CMakeFiles/Agricultural_System.dir/Drivers/STM32F1xx_HAL_Driver/Src/stm32f1xx_hal_rcc.c.obj
                0x08004674                        . = ALIGN (0x4)
 *fill*         0x08004672        0x2 

.rel.dyn        0x08004674        0x0
 .rel.iplt      0x08004674        0x0 F:/STM32CubeIDE_1.18.0/STM32CubeIDE/plugins/com.st.stm32cube.ide.mcu.externaltools.gnu-tools-for-stm32.13.3.rel1.win32_1.0.0.202411081344/tools/bin/../lib/gcc/arm-none-eabi/13.3.1/thumb/v7-m/nofp/crtbegin.o

.ARM.extab
 *(.ARM.extab* .gnu.linkonce.armextab.*)

.ARM            0x08004674        0x0
                0x08004674                        __exidx_start = .
 *(.ARM.exidx*)
                0x08004674                        __exidx_end = .

.preinit_array  0x08004674        0x0
                0x08004674                        PROVIDE (__preinit_array_start = .)
 *(.preinit_array*)
                0x08004674                        PROVIDE (__preinit_array_end = .)

.init_array     0x08004674        0x4
                0x08004674                        PROVIDE (__init_array_start = .)
 *(SORT_BY_NAME(.init_array.*))
 *(.init_array*)
 .init_array    0x08004674        0x4 F:/STM32CubeIDE_1.18.0/STM32CubeIDE/plugins/com.st.stm32cube.ide.mcu.externaltools.gnu-tools-for-stm32.13.3.rel1.win32_1.0.0.202411081344/tools/bin/../lib/gcc/arm-none-eabi/13.3.1/thumb/v7-m/nofp/crtbegin.o
                0x08004678                        PROVIDE (__init_array_end = .)

.fini_array     0x08004678        0x4
                [!provide]                        PROVIDE (__fini_array_start = .)
 *(SORT_BY_NAME(.fini_array.*))
 *(.fini_array*)
 .fini_array    0x08004678        0x4 F:/STM32CubeIDE_1.18.0/STM32CubeIDE/plugins/com.st.stm32cube.ide.mcu.externaltools.gnu-tools-for-stm32.13.3.rel1.win32_1.0.0.202411081344/tools/bin/../lib/gcc/arm-none-eabi/13.3.1/thumb/v7-m/nofp/crtbegin.o
                [!provide]                        PROVIDE (__fini_array_end = .)
                0x0800467c                        _sidata = LOADADDR (.data)

.data           0x20000000       0x10 load address 0x0800467c
                0x20000000                        . = ALIGN (0x4)
                0x20000000                        _sdata = .
 *(.data)
 *(.data*)
 .data.SystemCoreClock
                0x20000000        0x4 CMakeFiles/Agricultural_System.dir/Core/Src/system_stm32f1xx.c.obj
                0x20000000                SystemCoreClock
 .data.uwTickPrio
                0x20000004        0x4 CMakeFiles/Agricultural_System.dir/Drivers/STM32F1xx_HAL_Driver/Src/stm32f1xx_hal.c.obj
                0x20000004                uwTickPrio
 .data.uwTickFreq
                0x20000008        0x1 CMakeFiles/Agricultural_System.dir/Drivers/STM32F1xx_HAL_Driver/Src/stm32f1xx_hal.c.obj
                0x20000008                uwTickFreq
 *fill*         0x20000009        0x3 
 .data.uxCriticalNesting
                0x2000000c        0x4 CMakeFiles/Agricultural_System.dir/Middlewares/Third_Party/FreeRTOS/Source/portable/GCC/ARM_CM3/port.c.obj
                0x20000010                        . = ALIGN (0x4)
                0x20000010                        _edata = .

.igot.plt       0x20000010        0x0 load address 0x0800468c
 .igot.plt      0x20000010        0x0 F:/STM32CubeIDE_1.18.0/STM32CubeIDE/plugins/com.st.stm32cube.ide.mcu.externaltools.gnu-tools-for-stm32.13.3.rel1.win32_1.0.0.202411081344/tools/bin/../lib/gcc/arm-none-eabi/13.3.1/thumb/v7-m/nofp/crtbegin.o
                0x20000010                        . = ALIGN (0x4)

.bss            0x20000010     0x1a10 load address 0x0800468c
                0x20000010                        _sbss = .
                0x20000010                        __bss_start__ = _sbss
 *(.bss)
 .bss           0x20000010       0x1c F:/STM32CubeIDE_1.18.0/STM32CubeIDE/plugins/com.st.stm32cube.ide.mcu.externaltools.gnu-tools-for-stm32.13.3.rel1.win32_1.0.0.202411081344/tools/bin/../lib/gcc/arm-none-eabi/13.3.1/thumb/v7-m/nofp/crtbegin.o
 *(.bss*)
 .bss.defaultTaskHandle
                0x2000002c        0x4 CMakeFiles/Agricultural_System.dir/Core/Src/freertos.c.obj
                0x2000002c                defaultTaskHandle
 .bss.hi2c1     0x20000030       0x54 CMakeFiles/Agricultural_System.dir/Core/Src/i2c.c.obj
                0x20000030                hi2c1
 .bss.htim4     0x20000084       0x48 CMakeFiles/Agricultural_System.dir/Core/Src/stm32f1xx_hal_timebase_tim.c.obj
                0x20000084                htim4
 .bss.uwTick    0x200000cc        0x4 CMakeFiles/Agricultural_System.dir/Drivers/STM32F1xx_HAL_Driver/Src/stm32f1xx_hal.c.obj
                0x200000cc                uwTick
 .bss.xQueueRegistry
                0x200000d0       0x40 CMakeFiles/Agricultural_System.dir/Middlewares/Third_Party/FreeRTOS/Source/queue.c.obj
                0x200000d0                xQueueRegistry
 .bss.pxCurrentTCB
                0x20000110        0x4 CMakeFiles/Agricultural_System.dir/Middlewares/Third_Party/FreeRTOS/Source/tasks.c.obj
                0x20000110                pxCurrentTCB
 .bss.pxReadyTasksLists
                0x20000114      0x460 CMakeFiles/Agricultural_System.dir/Middlewares/Third_Party/FreeRTOS/Source/tasks.c.obj
 .bss.xDelayedTaskList1
                0x20000574       0x14 CMakeFiles/Agricultural_System.dir/Middlewares/Third_Party/FreeRTOS/Source/tasks.c.obj
 .bss.xDelayedTaskList2
                0x20000588       0x14 CMakeFiles/Agricultural_System.dir/Middlewares/Third_Party/FreeRTOS/Source/tasks.c.obj
 .bss.pxDelayedTaskList
                0x2000059c        0x4 CMakeFiles/Agricultural_System.dir/Middlewares/Third_Party/FreeRTOS/Source/tasks.c.obj
 .bss.pxOverflowDelayedTaskList
                0x200005a0        0x4 CMakeFiles/Agricultural_System.dir/Middlewares/Third_Party/FreeRTOS/Source/tasks.c.obj
 .bss.xPendingReadyList
                0x200005a4       0x14 CMakeFiles/Agricultural_System.dir/Middlewares/Third_Party/FreeRTOS/Source/tasks.c.obj
 .bss.xTasksWaitingTermination
                0x200005b8       0x14 CMakeFiles/Agricultural_System.dir/Middlewares/Third_Party/FreeRTOS/Source/tasks.c.obj
 .bss.uxDeletedTasksWaitingCleanUp
                0x200005cc        0x4 CMakeFiles/Agricultural_System.dir/Middlewares/Third_Party/FreeRTOS/Source/tasks.c.obj
 .bss.xSuspendedTaskList
                0x200005d0       0x14 CMakeFiles/Agricultural_System.dir/Middlewares/Third_Party/FreeRTOS/Source/tasks.c.obj
 .bss.uxCurrentNumberOfTasks
                0x200005e4        0x4 CMakeFiles/Agricultural_System.dir/Middlewares/Third_Party/FreeRTOS/Source/tasks.c.obj
 .bss.xTickCount
                0x200005e8        0x4 CMakeFiles/Agricultural_System.dir/Middlewares/Third_Party/FreeRTOS/Source/tasks.c.obj
 .bss.uxTopReadyPriority
                0x200005ec        0x4 CMakeFiles/Agricultural_System.dir/Middlewares/Third_Party/FreeRTOS/Source/tasks.c.obj
 .bss.xSchedulerRunning
                0x200005f0        0x4 CMakeFiles/Agricultural_System.dir/Middlewares/Third_Party/FreeRTOS/Source/tasks.c.obj
 .bss.xPendedTicks
                0x200005f4        0x4 CMakeFiles/Agricultural_System.dir/Middlewares/Third_Party/FreeRTOS/Source/tasks.c.obj
 .bss.xYieldPending
                0x200005f8        0x4 CMakeFiles/Agricultural_System.dir/Middlewares/Third_Party/FreeRTOS/Source/tasks.c.obj
 .bss.xNumOfOverflows
                0x200005fc        0x4 CMakeFiles/Agricultural_System.dir/Middlewares/Third_Party/FreeRTOS/Source/tasks.c.obj
 .bss.uxTaskNumber
                0x20000600        0x4 CMakeFiles/Agricultural_System.dir/Middlewares/Third_Party/FreeRTOS/Source/tasks.c.obj
 .bss.xNextTaskUnblockTime
                0x20000604        0x4 CMakeFiles/Agricultural_System.dir/Middlewares/Third_Party/FreeRTOS/Source/tasks.c.obj
 .bss.xIdleTaskHandle
                0x20000608        0x4 CMakeFiles/Agricultural_System.dir/Middlewares/Third_Party/FreeRTOS/Source/tasks.c.obj
 .bss.uxSchedulerSuspended
                0x2000060c        0x4 CMakeFiles/Agricultural_System.dir/Middlewares/Third_Party/FreeRTOS/Source/tasks.c.obj
 .bss.xActiveTimerList1
                0x20000610       0x14 CMakeFiles/Agricultural_System.dir/Middlewares/Third_Party/FreeRTOS/Source/timers.c.obj
 .bss.xActiveTimerList2
                0x20000624       0x14 CMakeFiles/Agricultural_System.dir/Middlewares/Third_Party/FreeRTOS/Source/timers.c.obj
 .bss.pxCurrentTimerList
                0x20000638        0x4 CMakeFiles/Agricultural_System.dir/Middlewares/Third_Party/FreeRTOS/Source/timers.c.obj
 .bss.pxOverflowTimerList
                0x2000063c        0x4 CMakeFiles/Agricultural_System.dir/Middlewares/Third_Party/FreeRTOS/Source/timers.c.obj
 .bss.xTimerQueue
                0x20000640        0x4 CMakeFiles/Agricultural_System.dir/Middlewares/Third_Party/FreeRTOS/Source/timers.c.obj
 .bss.xTimerTaskHandle
                0x20000644        0x4 CMakeFiles/Agricultural_System.dir/Middlewares/Third_Party/FreeRTOS/Source/timers.c.obj
 .bss.xLastTime.2
                0x20000648        0x4 CMakeFiles/Agricultural_System.dir/Middlewares/Third_Party/FreeRTOS/Source/timers.c.obj
 .bss.ucStaticTimerQueueStorage.1
                0x2000064c       0xa0 CMakeFiles/Agricultural_System.dir/Middlewares/Third_Party/FreeRTOS/Source/timers.c.obj
 .bss.xStaticTimerQueue.0
                0x200006ec       0x50 CMakeFiles/Agricultural_System.dir/Middlewares/Third_Party/FreeRTOS/Source/timers.c.obj
 .bss.KernelState
                0x2000073c        0x4 CMakeFiles/Agricultural_System.dir/Middlewares/Third_Party/FreeRTOS/Source/CMSIS_RTOS_V2/cmsis_os2.c.obj
 .bss.Idle_TCB.3
                0x20000740       0x5c CMakeFiles/Agricultural_System.dir/Middlewares/Third_Party/FreeRTOS/Source/CMSIS_RTOS_V2/cmsis_os2.c.obj
 .bss.Idle_Stack.2
                0x2000079c      0x200 CMakeFiles/Agricultural_System.dir/Middlewares/Third_Party/FreeRTOS/Source/CMSIS_RTOS_V2/cmsis_os2.c.obj
 .bss.Timer_TCB.1
                0x2000099c       0x5c CMakeFiles/Agricultural_System.dir/Middlewares/Third_Party/FreeRTOS/Source/CMSIS_RTOS_V2/cmsis_os2.c.obj
 .bss.Timer_Stack.0
                0x200009f8      0x400 CMakeFiles/Agricultural_System.dir/Middlewares/Third_Party/FreeRTOS/Source/CMSIS_RTOS_V2/cmsis_os2.c.obj
 .bss.ucHeap    0x20000df8      0xc00 CMakeFiles/Agricultural_System.dir/Middlewares/Third_Party/FreeRTOS/Source/portable/MemMang/heap_4.c.obj
 .bss.xStart    0x200019f8        0x8 CMakeFiles/Agricultural_System.dir/Middlewares/Third_Party/FreeRTOS/Source/portable/MemMang/heap_4.c.obj
 .bss.pxEnd     0x20001a00        0x4 CMakeFiles/Agricultural_System.dir/Middlewares/Third_Party/FreeRTOS/Source/portable/MemMang/heap_4.c.obj
 .bss.xFreeBytesRemaining
                0x20001a04        0x4 CMakeFiles/Agricultural_System.dir/Middlewares/Third_Party/FreeRTOS/Source/portable/MemMang/heap_4.c.obj
 .bss.xMinimumEverFreeBytesRemaining
                0x20001a08        0x4 CMakeFiles/Agricultural_System.dir/Middlewares/Third_Party/FreeRTOS/Source/portable/MemMang/heap_4.c.obj
 .bss.xNumberOfSuccessfulAllocations
                0x20001a0c        0x4 CMakeFiles/Agricultural_System.dir/Middlewares/Third_Party/FreeRTOS/Source/portable/MemMang/heap_4.c.obj
 .bss.xNumberOfSuccessfulFrees
                0x20001a10        0x4 CMakeFiles/Agricultural_System.dir/Middlewares/Third_Party/FreeRTOS/Source/portable/MemMang/heap_4.c.obj
 .bss.xBlockAllocatedBit
                0x20001a14        0x4 CMakeFiles/Agricultural_System.dir/Middlewares/Third_Party/FreeRTOS/Source/portable/MemMang/heap_4.c.obj
 .bss.ucMaxSysCallPriority
                0x20001a18        0x1 CMakeFiles/Agricultural_System.dir/Middlewares/Third_Party/FreeRTOS/Source/portable/GCC/ARM_CM3/port.c.obj
 *fill*         0x20001a19        0x3 
 .bss.ulMaxPRIGROUPValue
                0x20001a1c        0x4 CMakeFiles/Agricultural_System.dir/Middlewares/Third_Party/FreeRTOS/Source/portable/GCC/ARM_CM3/port.c.obj
 *(COMMON)
                0x20001a20                        . = ALIGN (0x4)
                0x20001a20                        _ebss = .
                0x20001a20                        __bss_end__ = _ebss

._user_heap_stack
                0x20001a20      0x600 load address 0x0800468c
                0x20001a20                        . = ALIGN (0x8)
                [!provide]                        PROVIDE (end = .)
                0x20001a20                        PROVIDE (_end = .)
                0x20001c20                        . = (. + _Min_Heap_Size)
 *fill*         0x20001a20      0x200 
                0x20002020                        . = (. + _Min_Stack_Size)
 *fill*         0x20001c20      0x400 
                0x20002020                        . = ALIGN (0x8)

/DISCARD/
 libc.a(*)
 libm.a(*)
 libgcc.a(*)
OUTPUT(Agricultural_System.elf elf32-littlearm)
LOAD linker stubs
LOAD F:/STM32CubeIDE_1.18.0/STM32CubeIDE/plugins/com.st.stm32cube.ide.mcu.externaltools.gnu-tools-for-stm32.13.3.rel1.win32_1.0.0.202411081344/tools/bin/../lib/gcc/arm-none-eabi/13.3.1/../../../../arm-none-eabi/lib/thumb/v7-m/nofp\libc.a
LOAD F:/STM32CubeIDE_1.18.0/STM32CubeIDE/plugins/com.st.stm32cube.ide.mcu.externaltools.gnu-tools-for-stm32.13.3.rel1.win32_1.0.0.202411081344/tools/bin/../lib/gcc/arm-none-eabi/13.3.1/../../../../arm-none-eabi/lib/thumb/v7-m/nofp\libm.a
LOAD F:/STM32CubeIDE_1.18.0/STM32CubeIDE/plugins/com.st.stm32cube.ide.mcu.externaltools.gnu-tools-for-stm32.13.3.rel1.win32_1.0.0.202411081344/tools/bin/../lib/gcc/arm-none-eabi/13.3.1/thumb/v7-m/nofp\libgcc.a

.ARM.attributes
                0x00000000       0x29
 .ARM.attributes
                0x00000000       0x1d F:/STM32CubeIDE_1.18.0/STM32CubeIDE/plugins/com.st.stm32cube.ide.mcu.externaltools.gnu-tools-for-stm32.13.3.rel1.win32_1.0.0.202411081344/tools/bin/../lib/gcc/arm-none-eabi/13.3.1/thumb/v7-m/nofp/crti.o
 .ARM.attributes
                0x0000001d       0x2d F:/STM32CubeIDE_1.18.0/STM32CubeIDE/plugins/com.st.stm32cube.ide.mcu.externaltools.gnu-tools-for-stm32.13.3.rel1.win32_1.0.0.202411081344/tools/bin/../lib/gcc/arm-none-eabi/13.3.1/thumb/v7-m/nofp/crtbegin.o
 .ARM.attributes
                0x0000004a       0x2d F:/STM32CubeIDE_1.18.0/STM32CubeIDE/plugins/com.st.stm32cube.ide.mcu.externaltools.gnu-tools-for-stm32.13.3.rel1.win32_1.0.0.202411081344/tools/bin/../lib/gcc/arm-none-eabi/13.3.1/../../../../arm-none-eabi/lib/thumb/v7-m/nofp\libc_nano.a(libc_a-memset.o)
 .ARM.attributes
                0x00000077       0x2d F:/STM32CubeIDE_1.18.0/STM32CubeIDE/plugins/com.st.stm32cube.ide.mcu.externaltools.gnu-tools-for-stm32.13.3.rel1.win32_1.0.0.202411081344/tools/bin/../lib/gcc/arm-none-eabi/13.3.1/../../../../arm-none-eabi/lib/thumb/v7-m/nofp\libc_nano.a(libc_a-init.o)
 .ARM.attributes
                0x000000a4       0x2d CMakeFiles/Agricultural_System.dir/Core/Src/freertos.c.obj
 .ARM.attributes
                0x000000d1       0x2d CMakeFiles/Agricultural_System.dir/Core/Src/gpio.c.obj
 .ARM.attributes
                0x000000fe       0x2d CMakeFiles/Agricultural_System.dir/Core/Src/i2c.c.obj
 .ARM.attributes
                0x0000012b       0x2d CMakeFiles/Agricultural_System.dir/Core/Src/led.c.obj
 .ARM.attributes
                0x00000158       0x2d CMakeFiles/Agricultural_System.dir/Core/Src/main.c.obj
 .ARM.attributes
                0x00000185       0x2d CMakeFiles/Agricultural_System.dir/Core/Src/stm32f1xx_hal_msp.c.obj
 .ARM.attributes
                0x000001b2       0x2d CMakeFiles/Agricultural_System.dir/Core/Src/stm32f1xx_hal_timebase_tim.c.obj
 .ARM.attributes
                0x000001df       0x2d CMakeFiles/Agricultural_System.dir/Core/Src/stm32f1xx_it.c.obj
 .ARM.attributes
                0x0000020c       0x2d CMakeFiles/Agricultural_System.dir/Core/Src/system_stm32f1xx.c.obj
 .ARM.attributes
                0x00000239       0x2d CMakeFiles/Agricultural_System.dir/Drivers/STM32F1xx_HAL_Driver/Src/stm32f1xx_hal_tim.c.obj
 .ARM.attributes
                0x00000266       0x2d CMakeFiles/Agricultural_System.dir/Drivers/STM32F1xx_HAL_Driver/Src/stm32f1xx_hal_tim_ex.c.obj
 .ARM.attributes
                0x00000293       0x2d CMakeFiles/Agricultural_System.dir/Drivers/STM32F1xx_HAL_Driver/Src/stm32f1xx_hal.c.obj
 .ARM.attributes
                0x000002c0       0x2d CMakeFiles/Agricultural_System.dir/Drivers/STM32F1xx_HAL_Driver/Src/stm32f1xx_hal_rcc.c.obj
 .ARM.attributes
                0x000002ed       0x2d CMakeFiles/Agricultural_System.dir/Drivers/STM32F1xx_HAL_Driver/Src/stm32f1xx_hal_gpio.c.obj
 .ARM.attributes
                0x0000031a       0x2d CMakeFiles/Agricultural_System.dir/Drivers/STM32F1xx_HAL_Driver/Src/stm32f1xx_hal_cortex.c.obj
 .ARM.attributes
                0x00000347       0x2d CMakeFiles/Agricultural_System.dir/Drivers/STM32F1xx_HAL_Driver/Src/stm32f1xx_hal_i2c.c.obj
 .ARM.attributes
                0x00000374       0x2d CMakeFiles/Agricultural_System.dir/Middlewares/Third_Party/FreeRTOS/Source/list.c.obj
 .ARM.attributes
                0x000003a1       0x2d CMakeFiles/Agricultural_System.dir/Middlewares/Third_Party/FreeRTOS/Source/queue.c.obj
 .ARM.attributes
                0x000003ce       0x2d CMakeFiles/Agricultural_System.dir/Middlewares/Third_Party/FreeRTOS/Source/tasks.c.obj
 .ARM.attributes
                0x000003fb       0x2d CMakeFiles/Agricultural_System.dir/Middlewares/Third_Party/FreeRTOS/Source/timers.c.obj
 .ARM.attributes
                0x00000428       0x2d CMakeFiles/Agricultural_System.dir/Middlewares/Third_Party/FreeRTOS/Source/CMSIS_RTOS_V2/cmsis_os2.c.obj
 .ARM.attributes
                0x00000455       0x2d CMakeFiles/Agricultural_System.dir/Middlewares/Third_Party/FreeRTOS/Source/portable/MemMang/heap_4.c.obj
 .ARM.attributes
                0x00000482       0x2d CMakeFiles/Agricultural_System.dir/Middlewares/Third_Party/FreeRTOS/Source/portable/GCC/ARM_CM3/port.c.obj
 .ARM.attributes
                0x000004af       0x21 CMakeFiles/Agricultural_System.dir/startup_stm32f103xb.s.obj
 .ARM.attributes
                0x000004d0       0x2d F:/STM32CubeIDE_1.18.0/STM32CubeIDE/plugins/com.st.stm32cube.ide.mcu.externaltools.gnu-tools-for-stm32.13.3.rel1.win32_1.0.0.202411081344/tools/bin/../lib/gcc/arm-none-eabi/13.3.1/../../../../arm-none-eabi/lib/thumb/v7-m/nofp\libg_nano.a(libc_a-memcpy-stub.o)
 .ARM.attributes
                0x000004fd       0x1d F:/STM32CubeIDE_1.18.0/STM32CubeIDE/plugins/com.st.stm32cube.ide.mcu.externaltools.gnu-tools-for-stm32.13.3.rel1.win32_1.0.0.202411081344/tools/bin/../lib/gcc/arm-none-eabi/13.3.1/thumb/v7-m/nofp/crtn.o

.comment        0x00000000       0x43
 .comment       0x00000000       0x43 CMakeFiles/Agricultural_System.dir/Core/Src/freertos.c.obj
                                 0x44 (size before relaxing)
 .comment       0x00000043       0x44 CMakeFiles/Agricultural_System.dir/Core/Src/gpio.c.obj
 .comment       0x00000043       0x44 CMakeFiles/Agricultural_System.dir/Core/Src/i2c.c.obj
 .comment       0x00000043       0x44 CMakeFiles/Agricultural_System.dir/Core/Src/led.c.obj
 .comment       0x00000043       0x44 CMakeFiles/Agricultural_System.dir/Core/Src/main.c.obj
 .comment       0x00000043       0x44 CMakeFiles/Agricultural_System.dir/Core/Src/stm32f1xx_hal_msp.c.obj
 .comment       0x00000043       0x44 CMakeFiles/Agricultural_System.dir/Core/Src/stm32f1xx_hal_timebase_tim.c.obj
 .comment       0x00000043       0x44 CMakeFiles/Agricultural_System.dir/Core/Src/stm32f1xx_it.c.obj
 .comment       0x00000043       0x44 CMakeFiles/Agricultural_System.dir/Core/Src/system_stm32f1xx.c.obj
 .comment       0x00000043       0x44 CMakeFiles/Agricultural_System.dir/Drivers/STM32F1xx_HAL_Driver/Src/stm32f1xx_hal_tim.c.obj
 .comment       0x00000043       0x44 CMakeFiles/Agricultural_System.dir/Drivers/STM32F1xx_HAL_Driver/Src/stm32f1xx_hal_tim_ex.c.obj
 .comment       0x00000043       0x44 CMakeFiles/Agricultural_System.dir/Drivers/STM32F1xx_HAL_Driver/Src/stm32f1xx_hal.c.obj
 .comment       0x00000043       0x44 CMakeFiles/Agricultural_System.dir/Drivers/STM32F1xx_HAL_Driver/Src/stm32f1xx_hal_rcc.c.obj
 .comment       0x00000043       0x44 CMakeFiles/Agricultural_System.dir/Drivers/STM32F1xx_HAL_Driver/Src/stm32f1xx_hal_gpio.c.obj
 .comment       0x00000043       0x44 CMakeFiles/Agricultural_System.dir/Drivers/STM32F1xx_HAL_Driver/Src/stm32f1xx_hal_cortex.c.obj
 .comment       0x00000043       0x44 CMakeFiles/Agricultural_System.dir/Drivers/STM32F1xx_HAL_Driver/Src/stm32f1xx_hal_i2c.c.obj
 .comment       0x00000043       0x44 CMakeFiles/Agricultural_System.dir/Middlewares/Third_Party/FreeRTOS/Source/list.c.obj
 .comment       0x00000043       0x44 CMakeFiles/Agricultural_System.dir/Middlewares/Third_Party/FreeRTOS/Source/queue.c.obj
 .comment       0x00000043       0x44 CMakeFiles/Agricultural_System.dir/Middlewares/Third_Party/FreeRTOS/Source/tasks.c.obj
 .comment       0x00000043       0x44 CMakeFiles/Agricultural_System.dir/Middlewares/Third_Party/FreeRTOS/Source/timers.c.obj
 .comment       0x00000043       0x44 CMakeFiles/Agricultural_System.dir/Middlewares/Third_Party/FreeRTOS/Source/CMSIS_RTOS_V2/cmsis_os2.c.obj
 .comment       0x00000043       0x44 CMakeFiles/Agricultural_System.dir/Middlewares/Third_Party/FreeRTOS/Source/portable/MemMang/heap_4.c.obj
 .comment       0x00000043       0x44 CMakeFiles/Agricultural_System.dir/Middlewares/Third_Party/FreeRTOS/Source/portable/GCC/ARM_CM3/port.c.obj
 .comment       0x00000043       0x44 F:/STM32CubeIDE_1.18.0/STM32CubeIDE/plugins/com.st.stm32cube.ide.mcu.externaltools.gnu-tools-for-stm32.13.3.rel1.win32_1.0.0.202411081344/tools/bin/../lib/gcc/arm-none-eabi/13.3.1/../../../../arm-none-eabi/lib/thumb/v7-m/nofp\libg_nano.a(libc_a-memcpy-stub.o)

.debug_frame    0x00000000     0x5578
 .debug_frame   0x00000000       0x20 F:/STM32CubeIDE_1.18.0/STM32CubeIDE/plugins/com.st.stm32cube.ide.mcu.externaltools.gnu-tools-for-stm32.13.3.rel1.win32_1.0.0.202411081344/tools/bin/../lib/gcc/arm-none-eabi/13.3.1/../../../../arm-none-eabi/lib/thumb/v7-m/nofp\libc_nano.a(libc_a-memset.o)
 .debug_frame   0x00000020       0x2c F:/STM32CubeIDE_1.18.0/STM32CubeIDE/plugins/com.st.stm32cube.ide.mcu.externaltools.gnu-tools-for-stm32.13.3.rel1.win32_1.0.0.202411081344/tools/bin/../lib/gcc/arm-none-eabi/13.3.1/../../../../arm-none-eabi/lib/thumb/v7-m/nofp\libc_nano.a(libc_a-init.o)
 .debug_frame   0x0000004c       0x4c CMakeFiles/Agricultural_System.dir/Core/Src/freertos.c.obj
 .debug_frame   0x00000098       0x34 CMakeFiles/Agricultural_System.dir/Core/Src/gpio.c.obj
 .debug_frame   0x000000cc       0x74 CMakeFiles/Agricultural_System.dir/Core/Src/i2c.c.obj
 .debug_frame   0x00000140       0x30 CMakeFiles/Agricultural_System.dir/Core/Src/led.c.obj
 .debug_frame   0x00000170       0x8c CMakeFiles/Agricultural_System.dir/Core/Src/main.c.obj
 .debug_frame   0x000001fc       0x34 CMakeFiles/Agricultural_System.dir/Core/Src/stm32f1xx_hal_msp.c.obj
 .debug_frame   0x00000230       0x74 CMakeFiles/Agricultural_System.dir/Core/Src/stm32f1xx_hal_timebase_tim.c.obj
 .debug_frame   0x000002a4       0xc4 CMakeFiles/Agricultural_System.dir/Core/Src/stm32f1xx_it.c.obj
 .debug_frame   0x00000368       0x58 CMakeFiles/Agricultural_System.dir/Core/Src/system_stm32f1xx.c.obj
 .debug_frame   0x000003c0     0x11b8 CMakeFiles/Agricultural_System.dir/Drivers/STM32F1xx_HAL_Driver/Src/stm32f1xx_hal_tim.c.obj
 .debug_frame   0x00001578      0x638 CMakeFiles/Agricultural_System.dir/Drivers/STM32F1xx_HAL_Driver/Src/stm32f1xx_hal_tim_ex.c.obj
 .debug_frame   0x00001bb0      0x334 CMakeFiles/Agricultural_System.dir/Drivers/STM32F1xx_HAL_Driver/Src/stm32f1xx_hal.c.obj
 .debug_frame   0x00001ee4      0x218 CMakeFiles/Agricultural_System.dir/Drivers/STM32F1xx_HAL_Driver/Src/stm32f1xx_hal_rcc.c.obj
 .debug_frame   0x000020fc      0x14c CMakeFiles/Agricultural_System.dir/Drivers/STM32F1xx_HAL_Driver/Src/stm32f1xx_hal_gpio.c.obj
 .debug_frame   0x00002248      0x428 CMakeFiles/Agricultural_System.dir/Drivers/STM32F1xx_HAL_Driver/Src/stm32f1xx_hal_cortex.c.obj
 .debug_frame   0x00002670      0xc84 CMakeFiles/Agricultural_System.dir/Drivers/STM32F1xx_HAL_Driver/Src/stm32f1xx_hal_i2c.c.obj
 .debug_frame   0x000032f4       0xd8 CMakeFiles/Agricultural_System.dir/Middlewares/Third_Party/FreeRTOS/Source/list.c.obj
 .debug_frame   0x000033cc      0x5ec CMakeFiles/Agricultural_System.dir/Middlewares/Third_Party/FreeRTOS/Source/queue.c.obj
 .debug_frame   0x000039b8      0x8f0 CMakeFiles/Agricultural_System.dir/Middlewares/Third_Party/FreeRTOS/Source/tasks.c.obj
 .debug_frame   0x000042a8      0x400 CMakeFiles/Agricultural_System.dir/Middlewares/Third_Party/FreeRTOS/Source/timers.c.obj
 .debug_frame   0x000046a8      0xbe4 CMakeFiles/Agricultural_System.dir/Middlewares/Third_Party/FreeRTOS/Source/CMSIS_RTOS_V2/cmsis_os2.c.obj
 .debug_frame   0x0000528c      0x12c CMakeFiles/Agricultural_System.dir/Middlewares/Third_Party/FreeRTOS/Source/portable/MemMang/heap_4.c.obj
 .debug_frame   0x000053b8      0x198 CMakeFiles/Agricultural_System.dir/Middlewares/Third_Party/FreeRTOS/Source/portable/GCC/ARM_CM3/port.c.obj
 .debug_frame   0x00005550       0x28 F:/STM32CubeIDE_1.18.0/STM32CubeIDE/plugins/com.st.stm32cube.ide.mcu.externaltools.gnu-tools-for-stm32.13.3.rel1.win32_1.0.0.202411081344/tools/bin/../lib/gcc/arm-none-eabi/13.3.1/../../../../arm-none-eabi/lib/thumb/v7-m/nofp\libg_nano.a(libc_a-memcpy-stub.o)

.debug_info     0x00000000    0x14798
 .debug_info    0x00000000      0x38d CMakeFiles/Agricultural_System.dir/Core/Src/freertos.c.obj
 .debug_info    0x0000038d      0x2b7 CMakeFiles/Agricultural_System.dir/Core/Src/gpio.c.obj
 .debug_info    0x00000644      0x7e3 CMakeFiles/Agricultural_System.dir/Core/Src/i2c.c.obj
 .debug_info    0x00000e27       0x3d CMakeFiles/Agricultural_System.dir/Core/Src/led.c.obj
 .debug_info    0x00000e64      0x896 CMakeFiles/Agricultural_System.dir/Core/Src/main.c.obj
 .debug_info    0x000016fa      0x361 CMakeFiles/Agricultural_System.dir/Core/Src/stm32f1xx_hal_msp.c.obj
 .debug_info    0x00001a5b      0x9a8 CMakeFiles/Agricultural_System.dir/Core/Src/stm32f1xx_hal_timebase_tim.c.obj
 .debug_info    0x00002403      0x66a CMakeFiles/Agricultural_System.dir/Core/Src/stm32f1xx_it.c.obj
 .debug_info    0x00002a6d      0x222 CMakeFiles/Agricultural_System.dir/Core/Src/system_stm32f1xx.c.obj
 .debug_info    0x00002c8f     0x2959 CMakeFiles/Agricultural_System.dir/Drivers/STM32F1xx_HAL_Driver/Src/stm32f1xx_hal_tim.c.obj
 .debug_info    0x000055e8     0x149b CMakeFiles/Agricultural_System.dir/Drivers/STM32F1xx_HAL_Driver/Src/stm32f1xx_hal_tim_ex.c.obj
 .debug_info    0x00006a83      0x704 CMakeFiles/Agricultural_System.dir/Drivers/STM32F1xx_HAL_Driver/Src/stm32f1xx_hal.c.obj
 .debug_info    0x00007187      0x7d5 CMakeFiles/Agricultural_System.dir/Drivers/STM32F1xx_HAL_Driver/Src/stm32f1xx_hal_rcc.c.obj
 .debug_info    0x0000795c      0x5ab CMakeFiles/Agricultural_System.dir/Drivers/STM32F1xx_HAL_Driver/Src/stm32f1xx_hal_gpio.c.obj
 .debug_info    0x00007f07      0xa87 CMakeFiles/Agricultural_System.dir/Drivers/STM32F1xx_HAL_Driver/Src/stm32f1xx_hal_cortex.c.obj
 .debug_info    0x0000898e     0x2524 CMakeFiles/Agricultural_System.dir/Drivers/STM32F1xx_HAL_Driver/Src/stm32f1xx_hal_i2c.c.obj
 .debug_info    0x0000aeb2      0x2af CMakeFiles/Agricultural_System.dir/Middlewares/Third_Party/FreeRTOS/Source/list.c.obj
 .debug_info    0x0000b161     0x1b79 CMakeFiles/Agricultural_System.dir/Middlewares/Third_Party/FreeRTOS/Source/queue.c.obj
 .debug_info    0x0000ccda     0x21ec CMakeFiles/Agricultural_System.dir/Middlewares/Third_Party/FreeRTOS/Source/tasks.c.obj
 .debug_info    0x0000eec6     0x1488 CMakeFiles/Agricultural_System.dir/Middlewares/Third_Party/FreeRTOS/Source/timers.c.obj
 .debug_info    0x0001034e     0x3990 CMakeFiles/Agricultural_System.dir/Middlewares/Third_Party/FreeRTOS/Source/CMSIS_RTOS_V2/cmsis_os2.c.obj
 .debug_info    0x00013cde      0x4d5 CMakeFiles/Agricultural_System.dir/Middlewares/Third_Party/FreeRTOS/Source/portable/MemMang/heap_4.c.obj
 .debug_info    0x000141b3      0x494 CMakeFiles/Agricultural_System.dir/Middlewares/Third_Party/FreeRTOS/Source/portable/GCC/ARM_CM3/port.c.obj
 .debug_info    0x00014647       0x30 CMakeFiles/Agricultural_System.dir/startup_stm32f103xb.s.obj
 .debug_info    0x00014677      0x121 F:/STM32CubeIDE_1.18.0/STM32CubeIDE/plugins/com.st.stm32cube.ide.mcu.externaltools.gnu-tools-for-stm32.13.3.rel1.win32_1.0.0.202411081344/tools/bin/../lib/gcc/arm-none-eabi/13.3.1/../../../../arm-none-eabi/lib/thumb/v7-m/nofp\libg_nano.a(libc_a-memcpy-stub.o)

.debug_abbrev   0x00000000     0x337f
 .debug_abbrev  0x00000000      0x12c CMakeFiles/Agricultural_System.dir/Core/Src/freertos.c.obj
 .debug_abbrev  0x0000012c      0x13f CMakeFiles/Agricultural_System.dir/Core/Src/gpio.c.obj
 .debug_abbrev  0x0000026b      0x1de CMakeFiles/Agricultural_System.dir/Core/Src/i2c.c.obj
 .debug_abbrev  0x00000449       0x2f CMakeFiles/Agricultural_System.dir/Core/Src/led.c.obj
 .debug_abbrev  0x00000478      0x22e CMakeFiles/Agricultural_System.dir/Core/Src/main.c.obj
 .debug_abbrev  0x000006a6      0x11c CMakeFiles/Agricultural_System.dir/Core/Src/stm32f1xx_hal_msp.c.obj
 .debug_abbrev  0x000007c2      0x1f3 CMakeFiles/Agricultural_System.dir/Core/Src/stm32f1xx_hal_timebase_tim.c.obj
 .debug_abbrev  0x000009b5      0x17c CMakeFiles/Agricultural_System.dir/Core/Src/stm32f1xx_it.c.obj
 .debug_abbrev  0x00000b31      0x13f CMakeFiles/Agricultural_System.dir/Core/Src/system_stm32f1xx.c.obj
 .debug_abbrev  0x00000c70      0x277 CMakeFiles/Agricultural_System.dir/Drivers/STM32F1xx_HAL_Driver/Src/stm32f1xx_hal_tim.c.obj
 .debug_abbrev  0x00000ee7      0x282 CMakeFiles/Agricultural_System.dir/Drivers/STM32F1xx_HAL_Driver/Src/stm32f1xx_hal_tim_ex.c.obj
 .debug_abbrev  0x00001169      0x201 CMakeFiles/Agricultural_System.dir/Drivers/STM32F1xx_HAL_Driver/Src/stm32f1xx_hal.c.obj
 .debug_abbrev  0x0000136a      0x2b3 CMakeFiles/Agricultural_System.dir/Drivers/STM32F1xx_HAL_Driver/Src/stm32f1xx_hal_rcc.c.obj
 .debug_abbrev  0x0000161d      0x1ca CMakeFiles/Agricultural_System.dir/Drivers/STM32F1xx_HAL_Driver/Src/stm32f1xx_hal_gpio.c.obj
 .debug_abbrev  0x000017e7      0x2f8 CMakeFiles/Agricultural_System.dir/Drivers/STM32F1xx_HAL_Driver/Src/stm32f1xx_hal_cortex.c.obj
 .debug_abbrev  0x00001adf      0x2a3 CMakeFiles/Agricultural_System.dir/Drivers/STM32F1xx_HAL_Driver/Src/stm32f1xx_hal_i2c.c.obj
 .debug_abbrev  0x00001d82       0xf5 CMakeFiles/Agricultural_System.dir/Middlewares/Third_Party/FreeRTOS/Source/list.c.obj
 .debug_abbrev  0x00001e77      0x3b6 CMakeFiles/Agricultural_System.dir/Middlewares/Third_Party/FreeRTOS/Source/queue.c.obj
 .debug_abbrev  0x0000222d      0x386 CMakeFiles/Agricultural_System.dir/Middlewares/Third_Party/FreeRTOS/Source/tasks.c.obj
 .debug_abbrev  0x000025b3      0x352 CMakeFiles/Agricultural_System.dir/Middlewares/Third_Party/FreeRTOS/Source/timers.c.obj
 .debug_abbrev  0x00002905      0x520 CMakeFiles/Agricultural_System.dir/Middlewares/Third_Party/FreeRTOS/Source/CMSIS_RTOS_V2/cmsis_os2.c.obj
 .debug_abbrev  0x00002e25      0x21d CMakeFiles/Agricultural_System.dir/Middlewares/Third_Party/FreeRTOS/Source/portable/MemMang/heap_4.c.obj
 .debug_abbrev  0x00003042      0x258 CMakeFiles/Agricultural_System.dir/Middlewares/Third_Party/FreeRTOS/Source/portable/GCC/ARM_CM3/port.c.obj
 .debug_abbrev  0x0000329a       0x24 CMakeFiles/Agricultural_System.dir/startup_stm32f103xb.s.obj
 .debug_abbrev  0x000032be       0xc1 F:/STM32CubeIDE_1.18.0/STM32CubeIDE/plugins/com.st.stm32cube.ide.mcu.externaltools.gnu-tools-for-stm32.13.3.rel1.win32_1.0.0.202411081344/tools/bin/../lib/gcc/arm-none-eabi/13.3.1/../../../../arm-none-eabi/lib/thumb/v7-m/nofp\libg_nano.a(libc_a-memcpy-stub.o)

.debug_aranges  0x00000000     0x1498
 .debug_aranges
                0x00000000       0x28 CMakeFiles/Agricultural_System.dir/Core/Src/freertos.c.obj
 .debug_aranges
                0x00000028       0x20 CMakeFiles/Agricultural_System.dir/Core/Src/gpio.c.obj
 .debug_aranges
                0x00000048       0x30 CMakeFiles/Agricultural_System.dir/Core/Src/i2c.c.obj
 .debug_aranges
                0x00000078       0x20 CMakeFiles/Agricultural_System.dir/Core/Src/led.c.obj
 .debug_aranges
                0x00000098       0x38 CMakeFiles/Agricultural_System.dir/Core/Src/main.c.obj
 .debug_aranges
                0x000000d0       0x20 CMakeFiles/Agricultural_System.dir/Core/Src/stm32f1xx_hal_msp.c.obj
 .debug_aranges
                0x000000f0       0x30 CMakeFiles/Agricultural_System.dir/Core/Src/stm32f1xx_hal_timebase_tim.c.obj
 .debug_aranges
                0x00000120       0x50 CMakeFiles/Agricultural_System.dir/Core/Src/stm32f1xx_it.c.obj
 .debug_aranges
                0x00000170       0x28 CMakeFiles/Agricultural_System.dir/Core/Src/system_stm32f1xx.c.obj
 .debug_aranges
                0x00000198      0x3d0 CMakeFiles/Agricultural_System.dir/Drivers/STM32F1xx_HAL_Driver/Src/stm32f1xx_hal_tim.c.obj
 .debug_aranges
                0x00000568      0x168 CMakeFiles/Agricultural_System.dir/Drivers/STM32F1xx_HAL_Driver/Src/stm32f1xx_hal_tim_ex.c.obj
 .debug_aranges
                0x000006d0       0xe0 CMakeFiles/Agricultural_System.dir/Drivers/STM32F1xx_HAL_Driver/Src/stm32f1xx_hal.c.obj
 .debug_aranges
                0x000007b0       0x90 CMakeFiles/Agricultural_System.dir/Drivers/STM32F1xx_HAL_Driver/Src/stm32f1xx_hal_rcc.c.obj
 .debug_aranges
                0x00000840       0x58 CMakeFiles/Agricultural_System.dir/Drivers/STM32F1xx_HAL_Driver/Src/stm32f1xx_hal_gpio.c.obj
 .debug_aranges
                0x00000898      0x100 CMakeFiles/Agricultural_System.dir/Drivers/STM32F1xx_HAL_Driver/Src/stm32f1xx_hal_cortex.c.obj
 .debug_aranges
                0x00000998      0x2a8 CMakeFiles/Agricultural_System.dir/Drivers/STM32F1xx_HAL_Driver/Src/stm32f1xx_hal_i2c.c.obj
 .debug_aranges
                0x00000c40       0x40 CMakeFiles/Agricultural_System.dir/Middlewares/Third_Party/FreeRTOS/Source/list.c.obj
 .debug_aranges
                0x00000c80      0x158 CMakeFiles/Agricultural_System.dir/Middlewares/Third_Party/FreeRTOS/Source/queue.c.obj
 .debug_aranges
                0x00000dd8      0x208 CMakeFiles/Agricultural_System.dir/Middlewares/Third_Party/FreeRTOS/Source/tasks.c.obj
 .debug_aranges
                0x00000fe0       0xf0 CMakeFiles/Agricultural_System.dir/Middlewares/Third_Party/FreeRTOS/Source/timers.c.obj
 .debug_aranges
                0x000010d0      0x2b0 CMakeFiles/Agricultural_System.dir/Middlewares/Third_Party/FreeRTOS/Source/CMSIS_RTOS_V2/cmsis_os2.c.obj
 .debug_aranges
                0x00001380       0x58 CMakeFiles/Agricultural_System.dir/Middlewares/Third_Party/FreeRTOS/Source/portable/MemMang/heap_4.c.obj
 .debug_aranges
                0x000013d8       0x78 CMakeFiles/Agricultural_System.dir/Middlewares/Third_Party/FreeRTOS/Source/portable/GCC/ARM_CM3/port.c.obj
 .debug_aranges
                0x00001450       0x28 CMakeFiles/Agricultural_System.dir/startup_stm32f103xb.s.obj
 .debug_aranges
                0x00001478       0x20 F:/STM32CubeIDE_1.18.0/STM32CubeIDE/plugins/com.st.stm32cube.ide.mcu.externaltools.gnu-tools-for-stm32.13.3.rel1.win32_1.0.0.202411081344/tools/bin/../lib/gcc/arm-none-eabi/13.3.1/../../../../arm-none-eabi/lib/thumb/v7-m/nofp\libg_nano.a(libc_a-memcpy-stub.o)

.debug_rnglists
                0x00000000      0xff0
 .debug_rnglists
                0x00000000       0x19 CMakeFiles/Agricultural_System.dir/Core/Src/freertos.c.obj
 .debug_rnglists
                0x00000019       0x14 CMakeFiles/Agricultural_System.dir/Core/Src/gpio.c.obj
 .debug_rnglists
                0x0000002d       0x1f CMakeFiles/Agricultural_System.dir/Core/Src/i2c.c.obj
 .debug_rnglists
                0x0000004c       0x13 CMakeFiles/Agricultural_System.dir/Core/Src/led.c.obj
 .debug_rnglists
                0x0000005f       0x26 CMakeFiles/Agricultural_System.dir/Core/Src/main.c.obj
 .debug_rnglists
                0x00000085       0x13 CMakeFiles/Agricultural_System.dir/Core/Src/stm32f1xx_hal_msp.c.obj
 .debug_rnglists
                0x00000098       0x20 CMakeFiles/Agricultural_System.dir/Core/Src/stm32f1xx_hal_timebase_tim.c.obj
 .debug_rnglists
                0x000000b8       0x37 CMakeFiles/Agricultural_System.dir/Core/Src/stm32f1xx_it.c.obj
 .debug_rnglists
                0x000000ef       0x1a CMakeFiles/Agricultural_System.dir/Core/Src/system_stm32f1xx.c.obj
 .debug_rnglists
                0x00000109      0x31a CMakeFiles/Agricultural_System.dir/Drivers/STM32F1xx_HAL_Driver/Src/stm32f1xx_hal_tim.c.obj
 .debug_rnglists
                0x00000423      0x125 CMakeFiles/Agricultural_System.dir/Drivers/STM32F1xx_HAL_Driver/Src/stm32f1xx_hal_tim_ex.c.obj
 .debug_rnglists
                0x00000548       0xa3 CMakeFiles/Agricultural_System.dir/Drivers/STM32F1xx_HAL_Driver/Src/stm32f1xx_hal.c.obj
 .debug_rnglists
                0x000005eb       0x6c CMakeFiles/Agricultural_System.dir/Drivers/STM32F1xx_HAL_Driver/Src/stm32f1xx_hal_rcc.c.obj
 .debug_rnglists
                0x00000657       0x3f CMakeFiles/Agricultural_System.dir/Drivers/STM32F1xx_HAL_Driver/Src/stm32f1xx_hal_gpio.c.obj
 .debug_rnglists
                0x00000696       0xbb CMakeFiles/Agricultural_System.dir/Drivers/STM32F1xx_HAL_Driver/Src/stm32f1xx_hal_cortex.c.obj
 .debug_rnglists
                0x00000751      0x23c CMakeFiles/Agricultural_System.dir/Drivers/STM32F1xx_HAL_Driver/Src/stm32f1xx_hal_i2c.c.obj
 .debug_rnglists
                0x0000098d       0x2b CMakeFiles/Agricultural_System.dir/Middlewares/Third_Party/FreeRTOS/Source/list.c.obj
 .debug_rnglists
                0x000009b8      0x109 CMakeFiles/Agricultural_System.dir/Middlewares/Third_Party/FreeRTOS/Source/queue.c.obj
 .debug_rnglists
                0x00000ac1      0x1a0 CMakeFiles/Agricultural_System.dir/Middlewares/Third_Party/FreeRTOS/Source/tasks.c.obj
 .debug_rnglists
                0x00000c61       0xb8 CMakeFiles/Agricultural_System.dir/Middlewares/Third_Party/FreeRTOS/Source/timers.c.obj
 .debug_rnglists
                0x00000d19      0x212 CMakeFiles/Agricultural_System.dir/Middlewares/Third_Party/FreeRTOS/Source/CMSIS_RTOS_V2/cmsis_os2.c.obj
 .debug_rnglists
                0x00000f2b       0x42 CMakeFiles/Agricultural_System.dir/Middlewares/Third_Party/FreeRTOS/Source/portable/MemMang/heap_4.c.obj
 .debug_rnglists
                0x00000f6d       0x57 CMakeFiles/Agricultural_System.dir/Middlewares/Third_Party/FreeRTOS/Source/portable/GCC/ARM_CM3/port.c.obj
 .debug_rnglists
                0x00000fc4       0x19 CMakeFiles/Agricultural_System.dir/startup_stm32f103xb.s.obj
 .debug_rnglists
                0x00000fdd       0x13 F:/STM32CubeIDE_1.18.0/STM32CubeIDE/plugins/com.st.stm32cube.ide.mcu.externaltools.gnu-tools-for-stm32.13.3.rel1.win32_1.0.0.202411081344/tools/bin/../lib/gcc/arm-none-eabi/13.3.1/../../../../arm-none-eabi/lib/thumb/v7-m/nofp\libg_nano.a(libc_a-memcpy-stub.o)

.debug_macro    0x00000000    0x192d3
 .debug_macro   0x00000000      0x23c CMakeFiles/Agricultural_System.dir/Core/Src/freertos.c.obj
 .debug_macro   0x0000023c      0xacc CMakeFiles/Agricultural_System.dir/Core/Src/freertos.c.obj
 .debug_macro   0x00000d08      0x190 CMakeFiles/Agricultural_System.dir/Core/Src/freertos.c.obj
 .debug_macro   0x00000e98       0x22 CMakeFiles/Agricultural_System.dir/Core/Src/freertos.c.obj
 .debug_macro   0x00000eba       0x8e CMakeFiles/Agricultural_System.dir/Core/Src/freertos.c.obj
 .debug_macro   0x00000f48       0x51 CMakeFiles/Agricultural_System.dir/Core/Src/freertos.c.obj
 .debug_macro   0x00000f99      0x103 CMakeFiles/Agricultural_System.dir/Core/Src/freertos.c.obj
 .debug_macro   0x0000109c       0x6a CMakeFiles/Agricultural_System.dir/Core/Src/freertos.c.obj
 .debug_macro   0x00001106      0x1df CMakeFiles/Agricultural_System.dir/Core/Src/freertos.c.obj
 .debug_macro   0x000012e5      0x130 CMakeFiles/Agricultural_System.dir/Core/Src/freertos.c.obj
 .debug_macro   0x00001415      0x15a CMakeFiles/Agricultural_System.dir/Core/Src/freertos.c.obj
 .debug_macro   0x0000156f       0xc9 CMakeFiles/Agricultural_System.dir/Core/Src/freertos.c.obj
 .debug_macro   0x00001638       0x1c CMakeFiles/Agricultural_System.dir/Core/Src/freertos.c.obj
 .debug_macro   0x00001654       0x26 CMakeFiles/Agricultural_System.dir/Core/Src/freertos.c.obj
 .debug_macro   0x0000167a      0x4da CMakeFiles/Agricultural_System.dir/Core/Src/freertos.c.obj
 .debug_macro   0x00001b54       0xb5 CMakeFiles/Agricultural_System.dir/Core/Src/freertos.c.obj
 .debug_macro   0x00001c09       0xaa CMakeFiles/Agricultural_System.dir/Core/Src/freertos.c.obj
 .debug_macro   0x00001cb3      0x21b CMakeFiles/Agricultural_System.dir/Core/Src/freertos.c.obj
 .debug_macro   0x00001ece       0x2e CMakeFiles/Agricultural_System.dir/Core/Src/freertos.c.obj
 .debug_macro   0x00001efc       0x22 CMakeFiles/Agricultural_System.dir/Core/Src/freertos.c.obj
 .debug_macro   0x00001f1e       0x1c CMakeFiles/Agricultural_System.dir/Core/Src/freertos.c.obj
 .debug_macro   0x00001f3a       0x22 CMakeFiles/Agricultural_System.dir/Core/Src/freertos.c.obj
 .debug_macro   0x00001f5c       0xbd CMakeFiles/Agricultural_System.dir/Core/Src/freertos.c.obj
 .debug_macro   0x00002019      0xd23 CMakeFiles/Agricultural_System.dir/Core/Src/freertos.c.obj
 .debug_macro   0x00002d3c     0xe09e CMakeFiles/Agricultural_System.dir/Core/Src/freertos.c.obj
 .debug_macro   0x00010dda       0x6d CMakeFiles/Agricultural_System.dir/Core/Src/freertos.c.obj
 .debug_macro   0x00010e47     0x34a2 CMakeFiles/Agricultural_System.dir/Core/Src/freertos.c.obj
 .debug_macro   0x000142e9       0x5c CMakeFiles/Agricultural_System.dir/Core/Src/freertos.c.obj
 .debug_macro   0x00014345      0x5bc CMakeFiles/Agricultural_System.dir/Core/Src/freertos.c.obj
 .debug_macro   0x00014901      0x289 CMakeFiles/Agricultural_System.dir/Core/Src/freertos.c.obj
 .debug_macro   0x00014b8a      0x1cb CMakeFiles/Agricultural_System.dir/Core/Src/freertos.c.obj
 .debug_macro   0x00014d55      0x114 CMakeFiles/Agricultural_System.dir/Core/Src/freertos.c.obj
 .debug_macro   0x00014e69      0x1b2 CMakeFiles/Agricultural_System.dir/Core/Src/freertos.c.obj
 .debug_macro   0x0001501b       0x27 CMakeFiles/Agricultural_System.dir/Core/Src/freertos.c.obj
 .debug_macro   0x00015042      0x136 CMakeFiles/Agricultural_System.dir/Core/Src/freertos.c.obj
 .debug_macro   0x00015178      0x1bc CMakeFiles/Agricultural_System.dir/Core/Src/freertos.c.obj
 .debug_macro   0x00015334       0x34 CMakeFiles/Agricultural_System.dir/Core/Src/freertos.c.obj
 .debug_macro   0x00015368       0x3c CMakeFiles/Agricultural_System.dir/Core/Src/freertos.c.obj
 .debug_macro   0x000153a4       0x57 CMakeFiles/Agricultural_System.dir/Core/Src/freertos.c.obj
 .debug_macro   0x000153fb       0x87 CMakeFiles/Agricultural_System.dir/Core/Src/freertos.c.obj
 .debug_macro   0x00015482      0x240 CMakeFiles/Agricultural_System.dir/Core/Src/freertos.c.obj
 .debug_macro   0x000156c2      0x287 CMakeFiles/Agricultural_System.dir/Core/Src/freertos.c.obj
 .debug_macro   0x00015949      0x140 CMakeFiles/Agricultural_System.dir/Core/Src/freertos.c.obj
 .debug_macro   0x00015a89      0x8ed CMakeFiles/Agricultural_System.dir/Core/Src/freertos.c.obj
 .debug_macro   0x00016376       0x83 CMakeFiles/Agricultural_System.dir/Core/Src/freertos.c.obj
 .debug_macro   0x000163f9       0x28 CMakeFiles/Agricultural_System.dir/Core/Src/freertos.c.obj
 .debug_macro   0x00016421       0x6c CMakeFiles/Agricultural_System.dir/Core/Src/freertos.c.obj
 .debug_macro   0x0001648d       0x74 CMakeFiles/Agricultural_System.dir/Core/Src/freertos.c.obj
 .debug_macro   0x00016501       0xdd CMakeFiles/Agricultural_System.dir/Core/Src/freertos.c.obj
 .debug_macro   0x000165de      0x1bc CMakeFiles/Agricultural_System.dir/Core/Src/gpio.c.obj
 .debug_macro   0x0001679a      0x1bc CMakeFiles/Agricultural_System.dir/Core/Src/i2c.c.obj
 .debug_macro   0x00016956       0x1b CMakeFiles/Agricultural_System.dir/Core/Src/led.c.obj
 .debug_macro   0x00016971      0x264 CMakeFiles/Agricultural_System.dir/Core/Src/main.c.obj
 .debug_macro   0x00016bd5      0x130 CMakeFiles/Agricultural_System.dir/Core/Src/main.c.obj
 .debug_macro   0x00016d05       0x66 CMakeFiles/Agricultural_System.dir/Core/Src/main.c.obj
 .debug_macro   0x00016d6b      0x1b2 CMakeFiles/Agricultural_System.dir/Core/Src/stm32f1xx_hal_msp.c.obj
 .debug_macro   0x00016f1d      0x1a3 CMakeFiles/Agricultural_System.dir/Core/Src/stm32f1xx_hal_timebase_tim.c.obj
 .debug_macro   0x000170c0      0x1bc CMakeFiles/Agricultural_System.dir/Core/Src/stm32f1xx_it.c.obj
 .debug_macro   0x0001727c      0x1a3 CMakeFiles/Agricultural_System.dir/Core/Src/system_stm32f1xx.c.obj
 .debug_macro   0x0001741f      0x1a4 CMakeFiles/Agricultural_System.dir/Drivers/STM32F1xx_HAL_Driver/Src/stm32f1xx_hal_tim.c.obj
 .debug_macro   0x000175c3      0x1a3 CMakeFiles/Agricultural_System.dir/Drivers/STM32F1xx_HAL_Driver/Src/stm32f1xx_hal_tim_ex.c.obj
 .debug_macro   0x00017766      0x1c7 CMakeFiles/Agricultural_System.dir/Drivers/STM32F1xx_HAL_Driver/Src/stm32f1xx_hal.c.obj
 .debug_macro   0x0001792d      0x1b5 CMakeFiles/Agricultural_System.dir/Drivers/STM32F1xx_HAL_Driver/Src/stm32f1xx_hal_rcc.c.obj
 .debug_macro   0x00017ae2      0x20e CMakeFiles/Agricultural_System.dir/Drivers/STM32F1xx_HAL_Driver/Src/stm32f1xx_hal_gpio.c.obj
 .debug_macro   0x00017cf0      0x1a3 CMakeFiles/Agricultural_System.dir/Drivers/STM32F1xx_HAL_Driver/Src/stm32f1xx_hal_cortex.c.obj
 .debug_macro   0x00017e93      0x1f1 CMakeFiles/Agricultural_System.dir/Drivers/STM32F1xx_HAL_Driver/Src/stm32f1xx_hal_i2c.c.obj
 .debug_macro   0x00018084      0x178 CMakeFiles/Agricultural_System.dir/Middlewares/Third_Party/FreeRTOS/Source/list.c.obj
 .debug_macro   0x000181fc      0x207 CMakeFiles/Agricultural_System.dir/Middlewares/Third_Party/FreeRTOS/Source/queue.c.obj
 .debug_macro   0x00018403       0x16 CMakeFiles/Agricultural_System.dir/Middlewares/Third_Party/FreeRTOS/Source/queue.c.obj
 .debug_macro   0x00018419       0x20 CMakeFiles/Agricultural_System.dir/Middlewares/Third_Party/FreeRTOS/Source/queue.c.obj
 .debug_macro   0x00018439       0x87 CMakeFiles/Agricultural_System.dir/Middlewares/Third_Party/FreeRTOS/Source/queue.c.obj
 .debug_macro   0x000184c0      0x270 CMakeFiles/Agricultural_System.dir/Middlewares/Third_Party/FreeRTOS/Source/tasks.c.obj
 .debug_macro   0x00018730       0x10 CMakeFiles/Agricultural_System.dir/Middlewares/Third_Party/FreeRTOS/Source/tasks.c.obj
 .debug_macro   0x00018740      0x1cd CMakeFiles/Agricultural_System.dir/Middlewares/Third_Party/FreeRTOS/Source/timers.c.obj
 .debug_macro   0x0001890d       0x97 CMakeFiles/Agricultural_System.dir/Middlewares/Third_Party/FreeRTOS/Source/timers.c.obj
 .debug_macro   0x000189a4      0x390 CMakeFiles/Agricultural_System.dir/Middlewares/Third_Party/FreeRTOS/Source/CMSIS_RTOS_V2/cmsis_os2.c.obj
 .debug_macro   0x00018d34       0x10 CMakeFiles/Agricultural_System.dir/Middlewares/Third_Party/FreeRTOS/Source/CMSIS_RTOS_V2/cmsis_os2.c.obj
 .debug_macro   0x00018d44       0xb7 CMakeFiles/Agricultural_System.dir/Middlewares/Third_Party/FreeRTOS/Source/CMSIS_RTOS_V2/cmsis_os2.c.obj
 .debug_macro   0x00018dfb       0x8d CMakeFiles/Agricultural_System.dir/Middlewares/Third_Party/FreeRTOS/Source/CMSIS_RTOS_V2/cmsis_os2.c.obj
 .debug_macro   0x00018e88       0x9a CMakeFiles/Agricultural_System.dir/Middlewares/Third_Party/FreeRTOS/Source/CMSIS_RTOS_V2/cmsis_os2.c.obj
 .debug_macro   0x00018f22       0x22 CMakeFiles/Agricultural_System.dir/Middlewares/Third_Party/FreeRTOS/Source/CMSIS_RTOS_V2/cmsis_os2.c.obj
 .debug_macro   0x00018f44       0x56 CMakeFiles/Agricultural_System.dir/Middlewares/Third_Party/FreeRTOS/Source/CMSIS_RTOS_V2/cmsis_os2.c.obj
 .debug_macro   0x00018f9a       0x28 CMakeFiles/Agricultural_System.dir/Middlewares/Third_Party/FreeRTOS/Source/CMSIS_RTOS_V2/cmsis_os2.c.obj
 .debug_macro   0x00018fc2      0x19f CMakeFiles/Agricultural_System.dir/Middlewares/Third_Party/FreeRTOS/Source/portable/MemMang/heap_4.c.obj
 .debug_macro   0x00019161      0x172 CMakeFiles/Agricultural_System.dir/Middlewares/Third_Party/FreeRTOS/Source/portable/GCC/ARM_CM3/port.c.obj

.debug_line     0x00000000    0x1891a
 .debug_line    0x00000000      0xa3c CMakeFiles/Agricultural_System.dir/Core/Src/freertos.c.obj
 .debug_line    0x00000a3c      0x838 CMakeFiles/Agricultural_System.dir/Core/Src/gpio.c.obj
 .debug_line    0x00001274      0x885 CMakeFiles/Agricultural_System.dir/Core/Src/i2c.c.obj
 .debug_line    0x00001af9       0x9b CMakeFiles/Agricultural_System.dir/Core/Src/led.c.obj
 .debug_line    0x00001b94      0xacf CMakeFiles/Agricultural_System.dir/Core/Src/main.c.obj
 .debug_line    0x00002663      0x81d CMakeFiles/Agricultural_System.dir/Core/Src/stm32f1xx_hal_msp.c.obj
 .debug_line    0x00002e80      0x89c CMakeFiles/Agricultural_System.dir/Core/Src/stm32f1xx_hal_timebase_tim.c.obj
 .debug_line    0x0000371c      0x8a4 CMakeFiles/Agricultural_System.dir/Core/Src/stm32f1xx_it.c.obj
 .debug_line    0x00003fc0      0x89a CMakeFiles/Agricultural_System.dir/Core/Src/system_stm32f1xx.c.obj
 .debug_line    0x0000485a     0x35b9 CMakeFiles/Agricultural_System.dir/Drivers/STM32F1xx_HAL_Driver/Src/stm32f1xx_hal_tim.c.obj
 .debug_line    0x00007e13     0x198f CMakeFiles/Agricultural_System.dir/Drivers/STM32F1xx_HAL_Driver/Src/stm32f1xx_hal_tim_ex.c.obj
 .debug_line    0x000097a2      0xacb CMakeFiles/Agricultural_System.dir/Drivers/STM32F1xx_HAL_Driver/Src/stm32f1xx_hal.c.obj
 .debug_line    0x0000a26d      0xf84 CMakeFiles/Agricultural_System.dir/Drivers/STM32F1xx_HAL_Driver/Src/stm32f1xx_hal_rcc.c.obj
 .debug_line    0x0000b1f1      0xb28 CMakeFiles/Agricultural_System.dir/Drivers/STM32F1xx_HAL_Driver/Src/stm32f1xx_hal_gpio.c.obj
 .debug_line    0x0000bd19      0xc95 CMakeFiles/Agricultural_System.dir/Drivers/STM32F1xx_HAL_Driver/Src/stm32f1xx_hal_cortex.c.obj
 .debug_line    0x0000c9ae     0x3cc8 CMakeFiles/Agricultural_System.dir/Drivers/STM32F1xx_HAL_Driver/Src/stm32f1xx_hal_i2c.c.obj
 .debug_line    0x00010676      0x76f CMakeFiles/Agricultural_System.dir/Middlewares/Third_Party/FreeRTOS/Source/list.c.obj
 .debug_line    0x00010de5     0x16e0 CMakeFiles/Agricultural_System.dir/Middlewares/Third_Party/FreeRTOS/Source/queue.c.obj
 .debug_line    0x000124c5     0x1c63 CMakeFiles/Agricultural_System.dir/Middlewares/Third_Party/FreeRTOS/Source/tasks.c.obj
 .debug_line    0x00014128      0xdaf CMakeFiles/Agricultural_System.dir/Middlewares/Third_Party/FreeRTOS/Source/timers.c.obj
 .debug_line    0x00014ed7     0x2599 CMakeFiles/Agricultural_System.dir/Middlewares/Third_Party/FreeRTOS/Source/CMSIS_RTOS_V2/cmsis_os2.c.obj
 .debug_line    0x00017470      0x985 CMakeFiles/Agricultural_System.dir/Middlewares/Third_Party/FreeRTOS/Source/portable/MemMang/heap_4.c.obj
 .debug_line    0x00017df5      0x8a6 CMakeFiles/Agricultural_System.dir/Middlewares/Third_Party/FreeRTOS/Source/portable/GCC/ARM_CM3/port.c.obj
 .debug_line    0x0001869b       0x78 CMakeFiles/Agricultural_System.dir/startup_stm32f103xb.s.obj
 .debug_line    0x00018713      0x207 F:/STM32CubeIDE_1.18.0/STM32CubeIDE/plugins/com.st.stm32cube.ide.mcu.externaltools.gnu-tools-for-stm32.13.3.rel1.win32_1.0.0.202411081344/tools/bin/../lib/gcc/arm-none-eabi/13.3.1/../../../../arm-none-eabi/lib/thumb/v7-m/nofp\libg_nano.a(libc_a-memcpy-stub.o)

.debug_str      0x00000000    0x94322
 .debug_str     0x00000000    0x94322 CMakeFiles/Agricultural_System.dir/Core/Src/freertos.c.obj
                              0x881fa (size before relaxing)
 .debug_str     0x00094322    0x83521 CMakeFiles/Agricultural_System.dir/Core/Src/gpio.c.obj
 .debug_str     0x00094322    0x839db CMakeFiles/Agricultural_System.dir/Core/Src/i2c.c.obj
 .debug_str     0x00094322     0x2e4f CMakeFiles/Agricultural_System.dir/Core/Src/led.c.obj
 .debug_str     0x00094322    0x88438 CMakeFiles/Agricultural_System.dir/Core/Src/main.c.obj
 .debug_str     0x00094322    0x8379d CMakeFiles/Agricultural_System.dir/Core/Src/stm32f1xx_hal_msp.c.obj
 .debug_str     0x00094322    0x83d09 CMakeFiles/Agricultural_System.dir/Core/Src/stm32f1xx_hal_timebase_tim.c.obj
 .debug_str     0x00094322    0x83978 CMakeFiles/Agricultural_System.dir/Core/Src/stm32f1xx_it.c.obj
 .debug_str     0x00094322    0x83441 CMakeFiles/Agricultural_System.dir/Core/Src/system_stm32f1xx.c.obj
 .debug_str     0x00094322    0x84872 CMakeFiles/Agricultural_System.dir/Drivers/STM32F1xx_HAL_Driver/Src/stm32f1xx_hal_tim.c.obj
 .debug_str     0x00094322    0x8407e CMakeFiles/Agricultural_System.dir/Drivers/STM32F1xx_HAL_Driver/Src/stm32f1xx_hal_tim_ex.c.obj
 .debug_str     0x00094322    0x83b74 CMakeFiles/Agricultural_System.dir/Drivers/STM32F1xx_HAL_Driver/Src/stm32f1xx_hal.c.obj
 .debug_str     0x00094322    0x83870 CMakeFiles/Agricultural_System.dir/Drivers/STM32F1xx_HAL_Driver/Src/stm32f1xx_hal_rcc.c.obj
 .debug_str     0x00094322    0x837c7 CMakeFiles/Agricultural_System.dir/Drivers/STM32F1xx_HAL_Driver/Src/stm32f1xx_hal_gpio.c.obj
 .debug_str     0x00094322    0x83ac0 CMakeFiles/Agricultural_System.dir/Drivers/STM32F1xx_HAL_Driver/Src/stm32f1xx_hal_cortex.c.obj
 .debug_str     0x00094322    0x84508 CMakeFiles/Agricultural_System.dir/Drivers/STM32F1xx_HAL_Driver/Src/stm32f1xx_hal_i2c.c.obj
 .debug_str     0x00094322     0xa4d0 CMakeFiles/Agricultural_System.dir/Middlewares/Third_Party/FreeRTOS/Source/list.c.obj
 .debug_str     0x00094322     0xc010 CMakeFiles/Agricultural_System.dir/Middlewares/Third_Party/FreeRTOS/Source/queue.c.obj
 .debug_str     0x00094322     0xcacd CMakeFiles/Agricultural_System.dir/Middlewares/Third_Party/FreeRTOS/Source/tasks.c.obj
 .debug_str     0x00094322     0xc542 CMakeFiles/Agricultural_System.dir/Middlewares/Third_Party/FreeRTOS/Source/timers.c.obj
 .debug_str     0x00094322    0x8d9ec CMakeFiles/Agricultural_System.dir/Middlewares/Third_Party/FreeRTOS/Source/CMSIS_RTOS_V2/cmsis_os2.c.obj
 .debug_str     0x00094322     0xae12 CMakeFiles/Agricultural_System.dir/Middlewares/Third_Party/FreeRTOS/Source/portable/MemMang/heap_4.c.obj
 .debug_str     0x00094322     0x85a9 CMakeFiles/Agricultural_System.dir/Middlewares/Third_Party/FreeRTOS/Source/portable/GCC/ARM_CM3/port.c.obj
 .debug_str     0x00094322       0x92 CMakeFiles/Agricultural_System.dir/startup_stm32f103xb.s.obj
 .debug_str     0x00094322      0x227 F:/STM32CubeIDE_1.18.0/STM32CubeIDE/plugins/com.st.stm32cube.ide.mcu.externaltools.gnu-tools-for-stm32.13.3.rel1.win32_1.0.0.202411081344/tools/bin/../lib/gcc/arm-none-eabi/13.3.1/../../../../arm-none-eabi/lib/thumb/v7-m/nofp\libg_nano.a(libc_a-memcpy-stub.o)

.debug_line_str
                0x00000000       0x76
 .debug_line_str